Archive member included to satisfy reference by file (symbol)

c:/stm32/gcc-arm-none-eabi/bin/../lib/gcc/arm-none-eabi/7.3.1/../../../../arm-none-eabi/lib/thumb/v7e-m/fpv4-sp/hard\libstdc++_nano.a(new_op.o)
                              build/PROJECT/BlinkerPanel.o (operator new(unsigned int))
c:/stm32/gcc-arm-none-eabi/bin/../lib/gcc/arm-none-eabi/7.3.1/../../../../arm-none-eabi/lib/thumb/v7e-m/fpv4-sp/hard\libstdc++_nano.a(del_op.o)
                              build/PROJECT/BlinkerPanel.o (operator delete(void*))
c:/stm32/gcc-arm-none-eabi/bin/../lib/gcc/arm-none-eabi/7.3.1/../../../../arm-none-eabi/lib/thumb/v7e-m/fpv4-sp/hard\libstdc++_nano.a(eh_personality.o)
                              build/PROJECT/BlinkerPanel.o (__gxx_personality_v0)
c:/stm32/gcc-arm-none-eabi/bin/../lib/gcc/arm-none-eabi/7.3.1/../../../../arm-none-eabi/lib/thumb/v7e-m/fpv4-sp/hard\libstdc++_nano.a(eh_call.o)
                              c:/stm32/gcc-arm-none-eabi/bin/../lib/gcc/arm-none-eabi/7.3.1/../../../../arm-none-eabi/lib/thumb/v7e-m/fpv4-sp/hard\libstdc++_nano.a(eh_personality.o) (__cxa_call_terminate)
c:/stm32/gcc-arm-none-eabi/bin/../lib/gcc/arm-none-eabi/7.3.1/../../../../arm-none-eabi/lib/thumb/v7e-m/fpv4-sp/hard\libstdc++_nano.a(eh_aux_runtime.o)
                              build/ARDUINO/PanelComponents.o (__cxa_throw_bad_array_new_length)
c:/stm32/gcc-arm-none-eabi/bin/../lib/gcc/arm-none-eabi/7.3.1/../../../../arm-none-eabi/lib/thumb/v7e-m/fpv4-sp/hard\libstdc++_nano.a(del_opv.o)
                              build/ARDUINO/PanelDataObjects.o (operator delete[](void*))
c:/stm32/gcc-arm-none-eabi/bin/../lib/gcc/arm-none-eabi/7.3.1/../../../../arm-none-eabi/lib/thumb/v7e-m/fpv4-sp/hard\libstdc++_nano.a(new_handler.o)
                              c:/stm32/gcc-arm-none-eabi/bin/../lib/gcc/arm-none-eabi/7.3.1/../../../../arm-none-eabi/lib/thumb/v7e-m/fpv4-sp/hard\libstdc++_nano.a(new_op.o) (std::get_new_handler())
c:/stm32/gcc-arm-none-eabi/bin/../lib/gcc/arm-none-eabi/7.3.1/../../../../arm-none-eabi/lib/thumb/v7e-m/fpv4-sp/hard\libstdc++_nano.a(eh_catch.o)
                              c:/stm32/gcc-arm-none-eabi/bin/../lib/gcc/arm-none-eabi/7.3.1/../../../../arm-none-eabi/lib/thumb/v7e-m/fpv4-sp/hard\libstdc++_nano.a(eh_call.o) (__cxa_begin_catch)
c:/stm32/gcc-arm-none-eabi/bin/../lib/gcc/arm-none-eabi/7.3.1/../../../../arm-none-eabi/lib/thumb/v7e-m/fpv4-sp/hard\libstdc++_nano.a(eh_globals.o)
                              c:/stm32/gcc-arm-none-eabi/bin/../lib/gcc/arm-none-eabi/7.3.1/../../../../arm-none-eabi/lib/thumb/v7e-m/fpv4-sp/hard\libstdc++_nano.a(eh_catch.o) (__cxa_get_globals_fast)
c:/stm32/gcc-arm-none-eabi/bin/../lib/gcc/arm-none-eabi/7.3.1/../../../../arm-none-eabi/lib/thumb/v7e-m/fpv4-sp/hard\libstdc++_nano.a(eh_terminate.o)
                              c:/stm32/gcc-arm-none-eabi/bin/../lib/gcc/arm-none-eabi/7.3.1/../../../../arm-none-eabi/lib/thumb/v7e-m/fpv4-sp/hard\libstdc++_nano.a(eh_call.o) (__cxxabiv1::__terminate(void (*)()))
c:/stm32/gcc-arm-none-eabi/bin/../lib/gcc/arm-none-eabi/7.3.1/../../../../arm-none-eabi/lib/thumb/v7e-m/fpv4-sp/hard\libstdc++_nano.a(eh_arm.o)
                              build/PROJECT/BlinkerPanel.o (__cxa_end_cleanup)
c:/stm32/gcc-arm-none-eabi/bin/../lib/gcc/arm-none-eabi/7.3.1/../../../../arm-none-eabi/lib/thumb/v7e-m/fpv4-sp/hard\libstdc++_nano.a(atexit_arm.o)
                              build/PROJECT/sketch.o (__aeabi_atexit)
c:/stm32/gcc-arm-none-eabi/bin/../lib/gcc/arm-none-eabi/7.3.1/../../../../arm-none-eabi/lib/thumb/v7e-m/fpv4-sp/hard\libstdc++_nano.a(new_opv.o)
                              build/ARDUINO/HardwareInterfaces.o (operator new[](unsigned int))
c:/stm32/gcc-arm-none-eabi/bin/../lib/gcc/arm-none-eabi/7.3.1/../../../../arm-none-eabi/lib/thumb/v7e-m/fpv4-sp/hard\libstdc++_nano.a(eh_exception.o)
                              c:/stm32/gcc-arm-none-eabi/bin/../lib/gcc/arm-none-eabi/7.3.1/../../../../arm-none-eabi/lib/thumb/v7e-m/fpv4-sp/hard\libstdc++_nano.a(eh_arm.o) (typeinfo for __cxxabiv1::__forced_unwind)
c:/stm32/gcc-arm-none-eabi/bin/../lib/gcc/arm-none-eabi/7.3.1/../../../../arm-none-eabi/lib/thumb/v7e-m/fpv4-sp/hard\libstdc++_nano.a(eh_term_handler.o)
                              c:/stm32/gcc-arm-none-eabi/bin/../lib/gcc/arm-none-eabi/7.3.1/../../../../arm-none-eabi/lib/thumb/v7e-m/fpv4-sp/hard\libstdc++_nano.a(eh_terminate.o) (__cxxabiv1::__terminate_handler)
c:/stm32/gcc-arm-none-eabi/bin/../lib/gcc/arm-none-eabi/7.3.1/../../../../arm-none-eabi/lib/thumb/v7e-m/fpv4-sp/hard\libstdc++_nano.a(eh_unex_handler.o)
                              c:/stm32/gcc-arm-none-eabi/bin/../lib/gcc/arm-none-eabi/7.3.1/../../../../arm-none-eabi/lib/thumb/v7e-m/fpv4-sp/hard\libstdc++_nano.a(eh_terminate.o) (__cxxabiv1::__unexpected_handler)
c:/stm32/gcc-arm-none-eabi/bin/../lib/gcc/arm-none-eabi/7.3.1/../../../../arm-none-eabi/lib/thumb/v7e-m/fpv4-sp/hard\libstdc++_nano.a(del_ops.o)
[...]
Memory Configuration

Name             Origin             Length             Attributes
RAM              0x20000000         0x00020000         xrw
FLASH            0x08000000         0x00080000         xr
*default*        0x00000000         0xffffffff

Linker script and memory map

LOAD c:/stm32/gcc-arm-none-eabi/bin/../lib/gcc/arm-none-eabi/7.3.1/thumb/v7e-m/fpv4-sp/hard/crti.o
LOAD c:/stm32/gcc-arm-none-eabi/bin/../lib/gcc/arm-none-eabi/7.3.1/thumb/v7e-m/fpv4-sp/hard/crtbegin.o
LOAD c:/stm32/gcc-arm-none-eabi/bin/../lib/gcc/arm-none-eabi/7.3.1/../../../../arm-none-eabi/lib/thumb/v7e-m/fpv4-sp/hard/crt0.o
LOAD build/PROJECT/App.o
LOAD build/PROJECT/sketch.o
LOAD build/PROJECT/midiTime.o
LOAD build/PROJECT/BlinkerPanel.o
LOAD build/PROJECT/StatusPanel.o
LOAD build/PROJECT/SegmentVideo.o
LOAD build/ARDUINO/flagMessaging.o
LOAD build/ARDUINO/HardwareInterfaces.o
LOAD build/ARDUINO/Panel.o
LOAD build/ARDUINO/PanelComponents.o
LOAD build/ARDUINO/PanelDataObjects.o
LOAD build/ARDUINO/timeKeeper.o
LOAD build/ARDUINO/timeKeeper32.o
LOAD build/ARDUINO/timerModule.o
LOAD build/ARDUINO/timerModule32.o
LOAD build/ARDUINO/MIDI.o
LOAD build/ARDUINO/interface.o
LOAD build/ARDUINO/abi.o
LOAD build/ARDUINO/GPIO.o
LOAD build/ARDUINO/ADC.o
LOAD build/ARDUINO/HardwareSerial.o
LOAD build/ARDUINO/STM_ArduinoPins.o
LOAD build/ARDUINO/itoa.o
LOAD build/ARDUINO/Print.o
LOAD build/ARDUINO/Stream.o
LOAD build/ARDUINO/WString.o
LOAD build/ARDUINO/STM_ArduinoPins.o
LOAD build/HAL/main.o
LOAD build/HAL/gpio.o
LOAD build/HAL/adc.o
LOAD build/HAL/adc_ext.o
LOAD build/HAL/debugPins.o
LOAD build/HAL/display_clock.o
LOAD build/HAL/dma.o
LOAD build/HAL/spi.o
LOAD build/HAL/tim.o
LOAD build/HAL/usart.o
LOAD build/HAL/stm32f4xx_it.o
LOAD build/HAL/stm32f4xx_hal_msp.o
LOAD build/HAL/unused_int.o
LOAD build/HAL/stm32f4xx_hal_adc.o
LOAD build/HAL/stm32f4xx_hal_adc_ex.o
LOAD build/HAL/stm32f4xx_hal_spi.o
LOAD build/HAL/stm32f4xx_hal_tim.o
LOAD build/HAL/stm32f4xx_hal_tim_ex.o
LOAD build/HAL/stm32f4xx_hal_uart.o
LOAD build/HAL/stm32f4xx_hal_rcc.o
LOAD build/HAL/stm32f4xx_hal_rcc_ex.o
LOAD build/HAL/stm32f4xx_hal_flash.o
LOAD build/HAL/stm32f4xx_hal_flash_ex.o
LOAD build/HAL/stm32f4xx_hal_flash_ramfunc.o
LOAD build/HAL/stm32f4xx_hal_gpio.o
LOAD build/HAL/stm32f4xx_hal_dma_ex.o
LOAD build/HAL/stm32f4xx_hal_dma.o
LOAD build/HAL/stm32f4xx_hal_pwr.o
LOAD build/HAL/stm32f4xx_hal_pwr_ex.o
LOAD build/HAL/stm32f4xx_hal_cortex.o
LOAD build/HAL/stm32f4xx_hal.o
LOAD build/HAL/system_stm32f4xx.o
LOAD build/HAL/startup_stm32f446xx.o
LOAD c:/stm32/gcc-arm-none-eabi/bin/../lib/gcc/arm-none-eabi/7.3.1/../../../../arm-none-eabi/lib/thumb/v7e-m/fpv4-sp/hard\libstdc++_nano.a
LOAD c:/stm32/gcc-arm-none-eabi/bin/../lib/gcc/arm-none-eabi/7.3.1/../../../../arm-none-eabi/lib/thumb/v7e-m/fpv4-sp/hard\libm.a
LOAD c:/stm32/gcc-arm-none-eabi/bin/../lib/gcc/arm-none-eabi/7.3.1/../../../../arm-none-eabi/lib/thumb/v7e-m/fpv4-sp/hard\libc_nano.a
START GROUP
LOAD c:/stm32/gcc-arm-none-eabi/bin/../lib/gcc/arm-none-eabi/7.3.1/thumb/v7e-m/fpv4-sp/hard\libgcc.a
LOAD c:/stm32/gcc-arm-none-eabi/bin/../lib/gcc/arm-none-eabi/7.3.1/../../../../arm-none-eabi/lib/thumb/v7e-m/fpv4-sp/hard\libg_nano.a
LOAD c:/stm32/gcc-arm-none-eabi/bin/../lib/gcc/arm-none-eabi/7.3.1/../../../../arm-none-eabi/lib/thumb/v7e-m/fpv4-sp/hard\libc_nano.a
END GROUP
START GROUP
LOAD c:/stm32/gcc-arm-none-eabi/bin/../lib/gcc/arm-none-eabi/7.3.1/thumb/v7e-m/fpv4-sp/hard\libgcc.a
LOAD c:/stm32/gcc-arm-none-eabi/bin/../lib/gcc/arm-none-eabi/7.3.1/../../../../arm-none-eabi/lib/thumb/v7e-m/fpv4-sp/hard\libc_nano.a
LOAD c:/stm32/gcc-arm-none-eabi/bin/../lib/gcc/arm-none-eabi/7.3.1/../../../../arm-none-eabi/lib/thumb/v7e-m/fpv4-sp/hard\libnosys.a
END GROUP
START GROUP
LOAD c:/stm32/gcc-arm-none-eabi/bin/../lib/gcc/arm-none-eabi/7.3.1/thumb/v7e-m/fpv4-sp/hard\libgcc.a
LOAD c:/stm32/gcc-arm-none-eabi/bin/../lib/gcc/arm-none-eabi/7.3.1/../../../../arm-none-eabi/lib/thumb/v7e-m/fpv4-sp/hard\libc_nano.a
LOAD c:/stm32/gcc-arm-none-eabi/bin/../lib/gcc/arm-none-eabi/7.3.1/../../../../arm-none-eabi/lib/thumb/v7e-m/fpv4-sp/hard\libnosys.a
END GROUP
LOAD c:/stm32/gcc-arm-none-eabi/bin/../lib/gcc/arm-none-eabi/7.3.1/thumb/v7e-m/fpv4-sp/hard/crtend.o
LOAD c:/stm32/gcc-arm-none-eabi/bin/../lib/gcc/arm-none-eabi/7.3.1/thumb/v7e-m/fpv4-sp/hard/crtn.o
                0x20020000                _estack = 0x20020000
                0x00000200                _Min_Heap_Size = 0x200
                0x00000400                _Min_Stack_Size = 0x400

.isr_vector     0x08000000      0x1c4
                0x08000000                . = ALIGN (0x4)
 *(.isr_vector)
 .isr_vector    0x08000000      0x1c4 build/HAL/startup_stm32f446xx.o
                0x08000000                g_pfnVectors
                0x080001c4                . = ALIGN (0x4)

.text           0x080001d0    0x19494
                0x080001d0                . = ALIGN (0x4)
 *(.text)
 .text          0x080001d0       0x40 c:/stm32/gcc-arm-none-eabi/bin/../lib/gcc/arm-none-eabi/7.3.1/thumb/v7e-m/fpv4-sp/hard/crtbegin.o
 .text          0x08000210        0xe build/PROJECT/App.o
                0x08000210                AppEntry
 *fill*         0x0800021e        0x2 
 .text          0x08000220      0x3bc build/PROJECT/sketch.o
                0x08000220                handleClock()
                0x08000234                handleStart()
                0x08000248                handleContinue()
                0x0800025c                handleStop()
                0x08000270                handleNoteOn(unsigned char, unsigned char, unsigned char)
                0x080002a8                handleNoteOff(unsigned char, unsigned char, unsigned char)
                0x080002c6                setup()
                0x080003d0                loop()
 .text          0x080005dc      0x360 build/PROJECT/midiTime.o
                0x080005dc                MidiClock::MidiClock()
                0x080005dc                MidiClock::MidiClock()
                0x0800060a                MidiClock::incrementTime_uS(int)
                0x08000654                MidiClock::setBPM(int)
                0x08000688                MidiClock::incrementTick()
                0x080006a8                MidiClock::play()
                0x080006ca                MidiClock::resume()
                0x080006ea                MidiClock::stop()
                0x08000704                MidiClock::isTickSubDiv(unsigned long, signed char)
                0x0800078c                MidiClock::ticksToQuarterNotes(unsigned long)
                0x080007c0                MidiClock::ticksToMeasures(unsigned long)
                0x080007f4                MidiClock::processCallbacks()
                0x080008d0                MidiClockSocket::MidiClockSocket()
                0x080008d0                MidiClockSocket::MidiClockSocket()
                0x080008e6                MidiClockSocket::SwitchMidiClock(MidiClock*)
                0x08000914                MidiClockSocket::SetBeatCallback(void (*)(MidiClock*))
 .text          0x0800093c      0xd44 build/PROJECT/BlinkerPanel.o
                0x0800093c                BlinkerPanel::BlinkerPanel()
                0x0800093c                BlinkerPanel::BlinkerPanel()
                0x08000e2a                BlinkerPanel::reset()
                0x08000ef0                BlinkerPanel::tickStateMachine(int)
                0x08001618                BlinkerPanel::switchToInternalClock()
                0x0800164c                BlinkerPanel::switchToExternalClock()
 .text          0x08001680      0x24c build/PROJECT/StatusPanel.o
                0x08001680                StatusPanel::BeatCallback(MidiClock*)
                0x080016ec                StatusPanel::StatusPanel()
                0x080016ec                StatusPanel::StatusPanel()
                0x080017aa                StatusPanel::reset()
                0x080017e2                StatusPanel::tickStateMachine(int)
 .text          0x080018cc      0x3ec build/PROJECT/SegmentVideo.o
                0x080018cc                SegmentFrameBuffer::SegmentFrameBuffer()
                0x080018cc                SegmentFrameBuffer::SegmentFrameBuffer()
                0x08001916                SegmentFrameBuffer::write(unsigned char const*)
                0x08001996                SegmentFrameBuffer::ready()
                0x08001a02                SegmentFrameBuffer::empty()
                0x08001a6a                SegmentFrameBuffer::read()
                0x08001ae4                SegmentVideo::displayDrawClockNums(char const*)
                0x08001b54                SegmentVideo::displayDrawValue(char const*)
                0x08001bc4                SegmentVideo::setPlayIndicator()
                0x08001bf0                SegmentVideo::clearPlayIndicator()
                0x08001c1c                SegmentVideo::toggleClockColon()
                0x08001c48                SegmentVideo::writeNextFrame()
 .text          0x08001cb8       0xe8 build/ARDUINO/flagMessaging.o
                0x08001cb8                MessagingFlag::MessagingFlag()
                0x08001cb8                MessagingFlag::MessagingFlag()
                0x08001ce0                MessagingFlag::serviceRisingEdge()
                0x08001d0c                MessagingFlag::serviceFallingEdge()
                0x08001d38                MessagingFlag::getFlag()
                0x08001d50                MessagingFlag::setFlag()
                0x08001d78                MessagingFlag::clearFlag()
 .text          0x08001da0      0x160 build/ARDUINO/HardwareInterfaces.o
                0x08001da0                ArduinoDigitalIn::ArduinoDigitalIn(int)
                0x08001da0                ArduinoDigitalIn::ArduinoDigitalIn(int)
                0x08001df0                ArduinoDigitalIn::readHardware()
                0x08001e14                ArduinoDigitalOut::ArduinoDigitalOut(int)
                0x08001e14                ArduinoDigitalOut::ArduinoDigitalOut(int)
                0x08001e64                ArduinoDigitalOut::writeHardware()
                0x08001e88                ArduinoAnalogIn::ArduinoAnalogIn(int)
                0x08001e88                ArduinoAnalogIn::ArduinoAnalogIn(int)
                0x08001ed8                ArduinoAnalogIn::readHardware()
 .text          0x08001f00       0xf0 build/ARDUINO/Panel.o
                0x08001f00                Panel::Panel()
                0x08001f00                Panel::Panel()
                0x08001f16                Panel::freshenComponents(unsigned short)
                0x08001f60                Panel::add(PanelComponent*)
                0x08001fbe                Panel::lastComponent()
 .text          0x08001ff0      0xf24 build/ARDUINO/PanelComponents.o
                0x08001ff0                PanelComponent::freshenStatic(unsigned short)
                0x08002090                Button::setHardware(GenericHardwareDescription*, bool)
                0x080020e4                Button::hasFreshData()
                0x0800212c                Button::freshen(unsigned short)
                0x0800224c                Button::getState()
                0x08002264                Button::serviceRisingEdge()
                0x08002290                Button::serviceFallingEdge()
                0x080022bc                Button::serviceHoldRisingEdge()
                0x080022e8                Button::serviceHoldFallingEdge()
                0x08002314                Led::setHardware(GenericHardwareDescription*, bool)
                0x0800233a                Led::freshen(unsigned short)
                0x080023dc                Led::getState()
                0x080023f4                Led::setState(ledState_t)
                0x08002412                Led::toggle()
                0x08002444                KnobParentClass::KnobParentClass()
                0x08002444                KnobParentClass::KnobParentClass()
                0x08002470                KnobParentClass::setHardware(GenericHardwareDescription*)
                0x0800248c                KnobParentClass::hasFreshData()
                0x080024ae                KnobParentClass::serviceChanged()
                0x080024d6                Simple8BitKnob::freshen(unsigned short)
                0x08002544                Simple8BitKnob::getState()
                0x0800255c                Simple10BitKnob::freshen(unsigned short)
                0x08002666                Simple10BitKnob::setHysteresis(unsigned char)
                0x08002684                Simple10BitKnob::getState()
                0x0800269c                Complex10BitKnob::freshen(unsigned short)
                0x080026f0                Complex10BitKnob::getState()
                0x0800270a                Complex10BitKnob::getAsUInt8()
                0x0800272c                Complex10BitKnob::getAsInt16()
                0x080027e2                Complex10BitKnob::getAsUInt16()
                0x08002892                Complex10BitKnob::getAsFloat()
                0x08002930                Complex10BitKnob::setLowerKnobVal(unsigned short)
                0x0800295c                Complex10BitKnob::setUpperKnobVal(unsigned short)
                0x08002988                Complex10BitKnob::setLowerFloatVal(float)
                0x080029a6                Complex10BitKnob::setUpperFloatVal(float)
                0x080029c4                Complex10BitKnob::setLowerIntVal(short)
                0x080029e2                Complex10BitKnob::setUpperIntVal(short)
                0x08002a00                Complex10BitKnob::setLowerUIntVal(unsigned short)
                0x08002a1e                Complex10BitKnob::setUpperUIntVal(unsigned short)
                0x08002a3c                Hysteresis10BitKnob::Hysteresis10BitKnob()
                0x08002a3c                Hysteresis10BitKnob::Hysteresis10BitKnob()
                0x08002a98                Hysteresis10BitKnob::freshen(unsigned short)
                0x08002c66                Hysteresis10BitKnob::setHysteresis(unsigned char)
                0x08002c86                Hysteresis10BitKnob::setSamplesAveraged(unsigned char)
                0x08002ca6                Windowed10BitKnob::Windowed10BitKnob()
                0x08002ca6                Windowed10BitKnob::Windowed10BitKnob()
                0x08002d04                Windowed10BitKnob::freshen(unsigned short)
                0x08002e6e                Windowed10BitKnob::setSamplesAveraged(unsigned char)
                0x08002e8e                Windowed10BitKnob::setWindow(short)
                0x08002eac                Windowed10BitKnob::moveWindowUpper(unsigned short)
                0x08002ee0                Windowed10BitKnob::moveWindowLower(unsigned short)
 .text          0x08002f14      0x178 build/ARDUINO/PanelDataObjects.o
                0x08002f14                DataObject::DataObject()
                0x08002f14                DataObject::DataObject()
                0x08002f38                ButtonDataObject::ButtonDataObject()
                0x08002f38                ButtonDataObject::ButtonDataObject()
                0x08002f6a                ButtonDataObject::~ButtonDataObject()
                0x08002f6a                ButtonDataObject::~ButtonDataObject()
                0x08002f8e                LedDataObject::LedDataObject()
                0x08002f8e                LedDataObject::LedDataObject()
                0x08002fc0                LedDataObject::~LedDataObject()
                0x08002fc0                LedDataObject::~LedDataObject()
                0x08002fe4                KnobDataObject::KnobDataObject()
                0x08002fe4                KnobDataObject::KnobDataObject()
                0x08003016                KnobDataObject::~KnobDataObject()
                0x08003016                KnobDataObject::~KnobDataObject()
                0x0800303a                dumpObject(DataObject*)
 .text          0x0800308c       0x82 build/ARDUINO/timeKeeper.o
                0x0800308c                TimeKeeper::TimeKeeper()
                0x0800308c                TimeKeeper::TimeKeeper()
                0x080030a8                TimeKeeper::mClear()
                0x080030c2                TimeKeeper::mGet()
                0x080030da                TimeKeeper::mIncrement(unsigned char)
 *fill*         0x0800310e        0x2 
 .text          0x08003110       0x80 build/ARDUINO/timeKeeper32.o
                0x08003110                TimeKeeper32::TimeKeeper32()
                0x08003110                TimeKeeper32::TimeKeeper32()
                0x0800312c                TimeKeeper32::uClear()
                0x08003146                TimeKeeper32::uGet()
                0x0800315e                TimeKeeper32::uIncrement(unsigned long)
 .text          0x08003190       0xdc build/ARDUINO/timerModule32.o
                0x08003190                TimerClass32::TimerClass32(unsigned long)
                0x08003190                TimerClass32::TimerClass32(unsigned long)
                0x080031ba                TimerClass32::update(unsigned long)
                0x0800322c                TimerClass32::flagStatus()
                0x08003250                TimerClass32::setInterval(unsigned long)
 .text          0x0800326c       0xc0 build/ARDUINO/interface.o
                0x0800326c                interface_init()
                0x08003294                delay(unsigned long)
 .text          0x0800332c        0xc build/ARDUINO/abi.o
                0x0800332c                __cxa_pure_virtual
                0x08003332                __cxa_deleted_virtual
 .text          0x08003338      0x100 build/ARDUINO/GPIO.o
                0x08003338                pinMode
                0x08003388                digitalWrite
                0x080033d4                digitalRead
                0x08003424                digitalToggle
 .text          0x08003438       0x44 build/ARDUINO/ADC.o
                0x08003438                analogRead
 .text          0x0800347c      0x12c build/ARDUINO/HardwareSerial.o
                0x0800347c                HardwareSerial::HardwareSerial()
                0x0800347c                HardwareSerial::HardwareSerial()
                0x080034a0                HardwareSerial::init(UartInstance*)
                0x080034bc                HardwareSerial::begin(unsigned long, unsigned char)
                0x080034e8                HardwareSerial::end()
                0x08003504                HardwareSerial::available()
                0x08003520                HardwareSerial::peek()
                0x0800353c                HardwareSerial::read()
                0x08003558                HardwareSerial::availableForWrite()
                0x08003570                HardwareSerial::flush()
                0x08003584                HardwareSerial::write(unsigned char)
 .text          0x080035a8      0x8a4 build/ARDUINO/Print.o
                0x080035a8                Print::write(unsigned char const*, unsigned int)
                0x08003604                Print::print(__FlashStringHelper const*)
                0x08003620                Print::print(String const&)
                0x0800364e                Print::print(char const*)
                0x0800366a                Print::print(char)
                0x0800368e                Print::print(unsigned char, int)
                0x080036b2                Print::print(int, int)
                0x080036d2                Print::print(unsigned int, int)
                0x080036f2                Print::print(long, int)
                0x08003772                Print::print(unsigned long, int)
                0x080037b0                Print::print(double, int)
                0x080037d8                Print::println(__FlashStringHelper const*)
                0x08003806                Print::print(Printable const&)
                0x08003826                Print::println()
                0x08003844                Print::println(String const&)
                0x08003872                Print::println(char const*)
                0x080038a0                Print::println(char)
                0x080038d2                Print::println(unsigned char, int)
                0x08003908                Print::println(int, int)
                0x0800393a                Print::println(unsigned int, int)
                0x0800396c                Print::println(long, int)
                0x0800399e                Print::println(unsigned long, int)
                0x080039d0                Print::println(double, int)
                0x08003a06                Print::println(Printable const&)
                0x08003a34                Print::printNumber(unsigned long, unsigned char)
                0x08003abc                Print::printFloat(double, unsigned char)
                0x08003cac                Print::println(long long, unsigned char)
                0x08003cd4                Print::print(long long, unsigned char)
                0x08003d2c                Print::println(unsigned long long, unsigned char)
                0x08003d54                Print::print(unsigned long long, unsigned char)
                0x08003d80                Print::printLLNumber(unsigned long long, unsigned char)
 .text          0x08003e4c      0x170 build/HAL/main.o
                0x08003e4c                main
                0x08003e7a                SystemClock_Config
                0x08003f7c                HAL_SYSTICK_Callback
                0x08003f98                millis
                0x08003fb0                _Error_Handler
 .text          0x08003fbc      0x1bc build/HAL/gpio.o
                0x08003fbc                MX_GPIO_Init
 .text          0x08004178      0x18c build/HAL/adc.o
                0x08004178                MX_ADC1_Init
                0x08004258                HAL_ADC_MspInit
                0x080042c4                HAL_ADC_MspDeInit
 .text          0x08004304        0xe build/HAL/adc_ext.o
                0x08004304                convertADC
 .text          0x08004312       0x1c build/HAL/debugPins.o
                0x08004312                traceWrite
 *fill*         0x0800432e        0x2 
 .text          0x08004330       0x8c build/HAL/display_clock.o
                0x08004330                writeDisplay
                0x08004370                displayTransmitFrame
                0x0800439c                HAL_SPI_TxCpltCallback
 .text          0x080043bc       0x7c build/HAL/dma.o
                0x080043bc                MX_DMA_Init
 .text          0x08004438      0x1a0 build/HAL/spi.o
                0x08004438                MX_SPI1_Init
                0x080044ac                HAL_SPI_MspInit
                0x0800458c                HAL_SPI_MspDeInit
 .text          0x080045d8      0x188 build/HAL/tim.o
                0x080045d8                MX_TIM2_Init
                0x08004678                HAL_TIM_Base_MspInit
                0x080046c4                HAL_TIM_Base_MspDeInit
                0x080046f4                HAL_TIM_PeriodElapsedCallback
 .text          0x08004760      0x890 build/HAL/usart.o
                0x08004760                MX_USART2_UART_Init
                0x0800482c                MX_USART6_UART_Init
                0x080048f8                HAL_UART_MspInit
                0x08004aa0                HAL_UART_MspDeInit
                0x08004bd6                halUartPeek
                0x08004bfe                halUartWrite
                0x08004c9c                halUartRead
                0x08004cf6                halUartReadBytesAvailable
                0x08004d24                HAL_UART_TxCpltCallback
                0x08004db8                HAL_UART_RxCpltCallback
                0x08004f80                emergencyRestart
                0x08004f9c                HAL_UART_ErrorCallback
                0x08004fd0                HAL_UART_AbortCpltCallback
                0x08004fda                HAL_UART_AbortTransmitCpltCallback
                0x08004fe4                HAL_UART_AbortReceiveCpltCallback
 .text          0x08004ff0      0x100 build/HAL/stm32f4xx_it.o
                0x08004ff0                NMI_Handler
                0x08004ffe                HardFault_Handler
                0x08005004                MemManage_Handler
                0x0800500a                BusFault_Handler
                0x08005010                UsageFault_Handler
                0x08005016                SVC_Handler
                0x08005024                DebugMon_Handler
                0x08005032                PendSV_Handler
                0x08005040                SysTick_Handler
                0x08005050                DMA1_Stream6_IRQHandler
                0x08005064                ADC_IRQHandler
                0x08005078                TIM2_IRQHandler
                0x0800508c                SPI1_IRQHandler
                0x080050a0                USART2_IRQHandler
                0x080050b4                DMA2_Stream3_IRQHandler
                0x080050c8                DMA2_Stream6_IRQHandler
                0x080050dc                USART6_IRQHandler
 .text          0x080050f0       0xa4 build/HAL/stm32f4xx_hal_msp.o
                0x080050f0                HAL_MspInit
 .text          0x08005194      0x59c build/HAL/unused_int.o
                0x08005194                isr_break
                0x080051b4                voidHardFault_Handler
                0x080051ba                WWDG_IRQHandler
                0x080051c6                PVD_IRQHandler
                0x080051d4                TAMP_STAMP_IRQHandler
                0x080051e2                RTC_WKUP_IRQHandler
                0x080051f0                FLASH_IRQHandler
                0x080051fe                RCC_IRQHandler
                0x0800520c                EXTI0_IRQHandler
                0x0800521a                EXTI1_IRQHandler
                0x08005228                EXTI2_IRQHandler
                0x08005236                EXTI3_IRQHandler
                0x08005244                EXTI4_IRQHandler
                0x08005252                DMA1_Stream0_IRQHandler
                0x08005260                DMA1_Stream1_IRQHandler
                0x0800526e                DMA1_Stream2_IRQHandler
                0x0800527c                DMA1_Stream3_IRQHandler
                0x0800528a                DMA1_Stream4_IRQHandler
                0x08005298                DMA1_Stream5_IRQHandler
                0x080052a6                CAN1_TX_IRQHandler
                0x080052b4                CAN1_RX0_IRQHandler
                0x080052c2                CAN1_RX1_IRQHandler
                0x080052d0                CAN1_SCE_IRQHandler
                0x080052de                EXTI9_5_IRQHandler
                0x080052ec                TIM1_BRK_TIM9_IRQHandler
                0x080052fa                TIM1_TRG_COM_TIM11_IRQHandler
                0x08005308                TIM1_CC_IRQHandler
                0x08005316                TIM3_IRQHandler
                0x08005324                TIM4_IRQHandler
                0x08005332                I2C1_EV_IRQHandler
                0x08005340                I2C1_ER_IRQHandler
                0x0800534e                I2C2_EV_IRQHandler
                0x0800535c                I2C2_ER_IRQHandler
                0x0800536a                SPI2_IRQHandler
                0x08005378                USART1_IRQHandler
                0x08005386                USART3_IRQHandler
                0x08005394                EXTI15_10_IRQHandler
                0x080053a2                RTC_Alarm_IRQHandler
                0x080053b0                OTG_FS_WKUP_IRQHandler
                0x080053be                TIM8_BRK_TIM12_IRQHandler
                0x080053cc                TIM8_UP_TIM13_IRQHandler
                0x080053da                TIM8_TRG_COM_TIM14_IRQHandler
                0x080053e8                TIM8_CC_IRQHandler
                0x080053f6                DMA1_Stream7_IRQHandler
                0x08005404                FMC_IRQHandler
                0x08005412                SDMMC1_IRQHandler
                0x08005420                TIM5_IRQHandler
                0x0800542e                SPI3_IRQHandler
                0x0800543c                UART4_IRQHandler
                0x0800544a                UART5_IRQHandler
                0x08005458                TIM6_DAC_IRQHandler
                0x08005466                TIM7_IRQHandler
                0x08005474                DMA2_Stream0_IRQHandler
                0x08005482                DMA2_Stream1_IRQHandler
                0x08005490                DMA2_Stream2_IRQHandler
                0x0800549e                DMA2_Stream4_IRQHandler
                0x080054ac                ETH_IRQHandler
                0x080054ba                ETH_WKUP_IRQHandler
                0x080054c8                CAN2_TX_IRQHandler
                0x080054d6                CAN2_RX0_IRQHandler
                0x080054e4                CAN2_RX1_IRQHandler
                0x080054f2                CAN2_SCE_IRQHandler
                0x08005500                OTG_FS_IRQHandler
                0x0800550e                DMA2_Stream5_IRQHandler
                0x0800551c                DMA2_Stream7_IRQHandler
                0x0800552a                I2C3_EV_IRQHandler
                0x08005538                I2C3_ER_IRQHandler
                0x08005546                OTG_HS_EP1_OUT_IRQHandler
                0x08005554                OTG_HS_EP1_IN_IRQHandler
                0x08005562                OTG_HS_WKUP_IRQHandler
                0x08005570                OTG_HS_IRQHandler
                0x0800557e                DCMI_IRQHandler
                0x0800558c                RNG_IRQHandler
                0x0800559a                FPU_IRQHandler
                0x080055a8                UART7_IRQHandler
                0x080055b6                UART8_IRQHandler
                0x080055c4                SPI4_IRQHandler
                0x080055d2                SPI5_IRQHandler
                0x080055e0                SPI6_IRQHandler
                0x080055ee                SAI1_IRQHandler
                0x080055fc                LTDC_IRQHandler
                0x0800560a                LTDC_ER_IRQHandler
                0x08005618                DMA2D_IRQHandler
                0x08005626                SAI2_IRQHandler
                0x08005634                QUADSPI_IRQHandler
                0x08005642                LPTIM1_IRQHandler
                0x08005650                CEC_IRQHandler
                0x0800565e                I2C4_EV_IRQHandler
                0x0800566c                I2C4_ER_IRQHandler
                0x0800567a                SPDIF_RX_IRQHandler
                0x08005688                DSI_IRQHandler
                0x08005696                DFSDM1_FLT0_IRQHandler
                0x080056a4                DFSDM1_FLT1_IRQHandler
                0x080056b2                DFSDM1_FLT2_IRQHandler
                0x080056c0                DFSDM1_FLT3_IRQHandler
                0x080056ce                SDMMC2_IRQHandler
                0x080056dc                CAN3_TX_IRQHandler
                0x080056ea                CAN3_RX0_IRQHandler
                0x080056f8                CAN3_RX1_IRQHandler
                0x08005706                CAN3_SCE_IRQHandler
                0x08005714                JPEG_IRQHandler
                0x08005722                MDIOS_IRQHandler
 .text          0x08005730     0x118c build/HAL/stm32f4xx_hal_adc.o
                0x08005730                HAL_ADC_Init
                0x080057b6                HAL_ADC_DeInit
                0x08005842                HAL_ADC_Start
                0x0800598c                HAL_ADC_Stop
                0x080059f2                HAL_ADC_PollForConversion
                0x08005af6                HAL_ADC_PollForEvent
                0x08005b9e                HAL_ADC_Start_IT
                0x08005cfc                HAL_ADC_Stop_IT
                0x08005d76                HAL_ADC_IRQHandler
                0x08005ff8                HAL_ADC_Start_DMA
                0x0800619c                HAL_ADC_Stop_DMA
                0x08006230                HAL_ADC_GetValue
                0x0800624a                HAL_ADC_ConvCpltCallback
                0x0800625e                HAL_ADC_ConvHalfCpltCallback
                0x08006272                HAL_ADC_LevelOutOfWindowCallback
                0x08006286                HAL_ADC_ErrorCallback
                0x0800629a                HAL_ADC_ConfigChannel
                0x080064e8                HAL_ADC_AnalogWDGConfig
                0x080065a8                HAL_ADC_GetState
                0x080065c0                HAL_ADC_GetError
 .text          0x080068bc      0xc84 build/HAL/stm32f4xx_hal_adc_ex.o
                0x080068bc                HAL_ADCEx_InjectedStart
                0x08006a38                HAL_ADCEx_InjectedStart_IT
                0x08006bc4                HAL_ADCEx_InjectedStop
                0x08006c5a                HAL_ADCEx_InjectedPollForConversion
                0x08006d40                HAL_ADCEx_InjectedStop_IT
                0x08006de6                HAL_ADCEx_InjectedGetValue
                0x08006e54                HAL_ADCEx_MultiModeStart_DMA
                0x08006fcc                HAL_ADCEx_MultiModeStop_DMA
                0x08007064                HAL_ADCEx_MultiModeGetValue
                0x08007084                HAL_ADCEx_InjectedConvCpltCallback
                0x08007098                HAL_ADCEx_InjectedConfigChannel
                0x080073c4                HAL_ADCEx_MultiModeConfigChannel
 .text          0x08007540     0x21ac build/HAL/stm32f4xx_hal_spi.o
                0x08007540                HAL_SPI_Init
                0x08007608                HAL_SPI_DeInit
                0x08007680                HAL_SPI_Transmit
                0x080078fa                HAL_SPI_Receive
                0x08007b1a                HAL_SPI_TransmitReceive
                0x08007e5a                HAL_SPI_Transmit_IT
                0x08007f78                HAL_SPI_Receive_IT
                0x080080a4                HAL_SPI_TransmitReceive_IT
                0x080081d8                HAL_SPI_Transmit_DMA
                0x08008314                HAL_SPI_Receive_DMA
                0x08008474                HAL_SPI_TransmitReceive_DMA
                0x08008644                HAL_SPI_Abort
                0x08008798                HAL_SPI_Abort_IT
                0x08008964                HAL_SPI_DMAPause
                0x080089a8                HAL_SPI_DMAResume
                0x080089ec                HAL_SPI_DMAStop
                0x08008a3a                HAL_SPI_IRQHandler
                0x08008bfc                HAL_SPI_RxCpltCallback
                0x08008c10                HAL_SPI_TxRxCpltCallback
                0x08008c24                HAL_SPI_TxHalfCpltCallback
                0x08008c38                HAL_SPI_RxHalfCpltCallback
                0x08008c4c                HAL_SPI_TxRxHalfCpltCallback
                0x08008c60                HAL_SPI_ErrorCallback
                0x08008c74                HAL_SPI_AbortCpltCallback
                0x08008c88                HAL_SPI_GetState
                0x08008ca4                HAL_SPI_GetError
 .text          0x080096ec     0x3e7c build/HAL/stm32f4xx_hal_tim.o
                0x080096ec                HAL_TIM_Base_Init
                0x08009742                HAL_TIM_Base_DeInit
                0x080097ca                HAL_TIM_Base_Start
                0x08009800                HAL_TIM_Base_Stop
                0x08009856                HAL_TIM_Base_Start_IT
                0x0800988c                HAL_TIM_Base_Stop_IT
                0x080098e2                HAL_TIM_Base_Start_DMA
                0x0800997c                HAL_TIM_Base_Stop_DMA
                0x080099da                HAL_TIM_OC_Init
                0x08009a30                HAL_TIM_OC_DeInit
                0x08009a90                HAL_TIM_OC_MspInit
                0x08009aa4                HAL_TIM_OC_MspDeInit
                0x08009ab8                HAL_TIM_OC_Start
                0x08009b20                HAL_TIM_OC_Stop
                0x08009bc8                HAL_TIM_OC_Start_IT
                0x08009cbc                HAL_TIM_OC_Stop_IT
                0x08009df0                HAL_TIM_OC_Start_DMA
                0x08009fb4                HAL_TIM_OC_Stop_DMA
                0x0800a0f0                HAL_TIM_PWM_Init
                0x0800a146                HAL_TIM_PWM_DeInit
                0x0800a1a6                HAL_TIM_PWM_MspInit
                0x0800a1ba                HAL_TIM_PWM_MspDeInit
                0x0800a1ce                HAL_TIM_PWM_Start
                0x0800a238                HAL_TIM_PWM_Stop
                0x0800a2e8                HAL_TIM_PWM_Start_IT
                0x0800a3dc                HAL_TIM_PWM_Stop_IT
                0x0800a510                HAL_TIM_PWM_Start_DMA
                0x0800a6d4                HAL_TIM_PWM_Stop_DMA
                0x0800a810                HAL_TIM_IC_Init
                0x0800a866                HAL_TIM_IC_DeInit
                0x0800a8c6                HAL_TIM_IC_MspInit
                0x0800a8da                HAL_TIM_IC_MspDeInit
                0x0800a8ee                HAL_TIM_IC_Start
                0x0800a920                HAL_TIM_IC_Stop
                0x0800a972                HAL_TIM_IC_Start_IT
                0x0800aa2e                HAL_TIM_IC_Stop_IT
                0x0800ab0a                HAL_TIM_IC_Start_DMA
                0x0800ac9c                HAL_TIM_IC_Stop_DMA
                0x0800ad82                HAL_TIM_OnePulse_Init
                0x0800adfa                HAL_TIM_OnePulse_DeInit
                0x0800ae5a                HAL_TIM_OnePulse_MspInit
                0x0800ae6e                HAL_TIM_OnePulse_MspDeInit
                0x0800ae82                HAL_TIM_OnePulse_Start
                0x0800aee8                HAL_TIM_OnePulse_Stop
                0x0800afa0                HAL_TIM_OnePulse_Start_IT
                0x0800b028                HAL_TIM_OnePulse_Stop_IT
                0x0800b100                HAL_TIM_Encoder_Init
                0x0800b22c                HAL_TIM_Encoder_DeInit
                0x0800b28c                HAL_TIM_Encoder_MspInit
                0x0800b2a0                HAL_TIM_Encoder_MspDeInit
                0x0800b2b4                HAL_TIM_Encoder_Start
                0x0800b322                HAL_TIM_Encoder_Stop
                0x0800b3b0                HAL_TIM_Encoder_Start_IT
                0x0800b45e                HAL_TIM_Encoder_Stop_IT
                0x0800b532                HAL_TIM_Encoder_Start_DMA
                0x0800b6dc                HAL_TIM_Encoder_Stop_DMA
                0x0800b7b0                HAL_TIM_IRQHandler
                0x0800b9c0                HAL_TIM_OC_ConfigChannel
                0x0800ba80                HAL_TIM_IC_ConfigChannel
                0x0800bbb8                HAL_TIM_PWM_ConfigChannel
                0x0800bd44                HAL_TIM_OnePulse_ConfigChannel
                0x0800bec4                HAL_TIM_DMABurst_WriteStart
                0x0800c0a8                HAL_TIM_DMABurst_WriteStop
                0x0800c158                HAL_TIM_DMABurst_ReadStart
                0x0800c33c                HAL_TIM_DMABurst_ReadStop
                0x0800c3ec                HAL_TIM_GenerateEvent
                0x0800c43a                HAL_TIM_ConfigOCrefClear
                0x0800c58c                HAL_TIM_ConfigClockSource
                0x0800c742                HAL_TIM_ConfigTI1Input
                0x0800c77e                HAL_TIM_SlaveConfigSynchronization
                0x0800c7e8                HAL_TIM_SlaveConfigSynchronization_IT
                0x0800c852                HAL_TIM_ReadCapturedValue
                0x0800c90c                HAL_TIM_OC_DelayElapsedCallback
                0x0800c920                HAL_TIM_IC_CaptureCallback
                0x0800c934                HAL_TIM_PWM_PulseFinishedCallback
                0x0800c948                HAL_TIM_TriggerCallback
                0x0800c95c                HAL_TIM_ErrorCallback
                0x0800c970                HAL_TIM_Base_GetState
                0x0800c98c                HAL_TIM_OC_GetState
                0x0800c9a8                HAL_TIM_PWM_GetState
                0x0800c9c4                HAL_TIM_IC_GetState
                0x0800c9e0                HAL_TIM_OnePulse_GetState
                0x0800c9fc                HAL_TIM_Encoder_GetState
                0x0800ca18                TIM_Base_SetConfig
                0x0800cb6c                TIM_TI1_SetConfig
                0x0800cc64                TIM_OC2_SetConfig
                0x0800cd54                TIM_DMADelayPulseCplt
                0x0800cdc4                TIM_DMAError
                0x0800cde8                TIM_DMACaptureCplt
                0x0800ce58                TIM_CCxChannelCmd
 .text          0x0800d568     0x14c0 build/HAL/stm32f4xx_hal_tim_ex.o
                0x0800d568                HAL_TIMEx_HallSensor_Init
                0x0800d67e                HAL_TIMEx_HallSensor_DeInit
                0x0800d6de                HAL_TIMEx_HallSensor_MspInit
                0x0800d6f2                HAL_TIMEx_HallSensor_MspDeInit
                0x0800d706                HAL_TIMEx_HallSensor_Start
                0x0800d736                HAL_TIMEx_HallSensor_Stop
                0x0800d786                HAL_TIMEx_HallSensor_Start_IT
                0x0800d7c6                HAL_TIMEx_HallSensor_Stop_IT
                0x0800d826                HAL_TIMEx_HallSensor_Start_DMA
                0x0800d8cc                HAL_TIMEx_HallSensor_Stop_DMA
                0x0800d92c                HAL_TIMEx_OCN_Start
                0x0800d96e                HAL_TIMEx_OCN_Stop
                0x0800d9f0                HAL_TIMEx_OCN_Start_IT
                0x0800dace                HAL_TIMEx_OCN_Stop_IT
                0x0800dbfa                HAL_TIMEx_OCN_Start_DMA
                0x0800dd9c                HAL_TIMEx_OCN_Stop_DMA
                0x0800deb2                HAL_TIMEx_PWMN_Start
                0x0800def4                HAL_TIMEx_PWMN_Stop
                0x0800df76                HAL_TIMEx_PWMN_Start_IT
                0x0800e052                HAL_TIMEx_PWMN_Stop_IT
                0x0800e17e                HAL_TIMEx_PWMN_Start_DMA
                0x0800e320                HAL_TIMEx_PWMN_Stop_DMA
                0x0800e436                HAL_TIMEx_OnePulseN_Start
                0x0800e468                HAL_TIMEx_OnePulseN_Stop
                0x0800e4ea                HAL_TIMEx_OnePulseN_Start_IT
                0x0800e53c                HAL_TIMEx_OnePulseN_Stop_IT
                0x0800e5de                HAL_TIMEx_ConfigCommutationEvent
                0x0800e67e                HAL_TIMEx_ConfigCommutationEvent_IT
                0x0800e72e                HAL_TIMEx_ConfigCommutationEvent_DMA
                0x0800e7f8                HAL_TIMEx_MasterConfigSynchronization
                0x0800e882                HAL_TIMEx_ConfigBreakDeadTime
                0x0800e934                HAL_TIMEx_RemapConfig
                0x0800e97a                HAL_TIMEx_CommutationCallback
                0x0800e98e                HAL_TIMEx_BreakCallback
                0x0800e9a2                HAL_TIMEx_HallSensor_GetState
                0x0800e9be                TIMEx_DMACommutationCplt
 .text          0x0800ea28     0x1da8 build/HAL/stm32f4xx_hal_uart.o
                0x0800ea28                HAL_UART_Init
                0x0800eac2                HAL_HalfDuplex_Init
                0x0800eb6c                HAL_LIN_Init
                0x0800ec38                HAL_MultiProcessor_Init
                0x0800ed18                HAL_UART_DeInit
                0x0800ed88                HAL_UART_Transmit
                0x0800eeba                HAL_UART_Receive
                0x0800f006                HAL_UART_Transmit_IT
                0x0800f090                HAL_UART_Receive_IT
                0x0800f12a                HAL_UART_Transmit_DMA
                0x0800f204                HAL_UART_Receive_DMA
                0x0800f304                HAL_UART_DMAPause
                0x0800f3cc                HAL_UART_DMAResume
                0x0800f46e                HAL_UART_DMAStop
                0x0800f524                HAL_UART_Abort
                0x0800f5e8                HAL_UART_AbortTransmit
                0x0800f650                HAL_UART_AbortReceive
                0x0800f6c8                HAL_UART_Abort_IT
                0x0800f810                HAL_UART_AbortTransmit_IT
                0x0800f8b0                HAL_UART_AbortReceive_IT
                0x0800f960                HAL_UART_IRQHandler
                0x0800fb6c                HAL_UART_TxHalfCpltCallback
                0x0800fb94                HAL_UART_RxHalfCpltCallback
                0x0800fbf8                HAL_LIN_SendBreak
                0x0800fc4c                HAL_MultiProcessor_EnterMuteMode
                0x0800fca0                HAL_MultiProcessor_ExitMuteMode
                0x0800fcf4                HAL_HalfDuplex_EnableTransmitter
                0x0800fd5c                HAL_HalfDuplex_EnableReceiver
                0x0800fdc4                HAL_UART_GetState
                0x0800fe00                HAL_UART_GetError
 .text          0x080107d0      0xae8 build/HAL/stm32f4xx_hal_rcc.o
                0x08010c64                HAL_RCC_ClockConfig
                0x08010e28                HAL_RCC_MCOConfig
                0x08010ef8                HAL_RCC_EnableCSS
                0x08010f10                HAL_RCC_DisableCSS
                0x0801108c                HAL_RCC_GetHCLKFreq
                0x080110a4                HAL_RCC_GetPCLK1Freq
                0x080110cc                HAL_RCC_GetPCLK2Freq
                0x0801121c                HAL_RCC_GetClockConfig
                0x08011280                HAL_RCC_NMI_IRQHandler
                0x080112a8                HAL_RCC_CSSCallback
 .text          0x080112b8     0x1898 build/HAL/stm32f4xx_hal_rcc_ex.o
                0x080112b8                HAL_RCCEx_PeriphCLKConfig
                0x0801190c                HAL_RCCEx_GetPeriphCLKConfig
                0x08011a98                HAL_RCCEx_GetPeriphCLKFreq
                0x08011ed4                HAL_RCCEx_SelectLSEMode
                0x08011f10                HAL_RCCEx_EnablePLLI2S
                0x08011fb0                HAL_RCCEx_DisablePLLI2S
                0x08011ff4                HAL_RCCEx_EnablePLLSAI
                0x08012090                HAL_RCCEx_DisablePLLSAI
                0x080120d8                HAL_RCC_GetSysClockFreq
                0x0801237c                HAL_RCC_DeInit
                0x08012564                HAL_RCC_OscConfig
                0x08012a18                HAL_RCC_GetOscConfig
 .text          0x08012b50      0x628 build/HAL/stm32f4xx_hal_gpio.o
                0x08012b50                HAL_GPIO_Init
                0x08012e74                HAL_GPIO_DeInit
                0x08013058                HAL_GPIO_ReadPin
                0x08013088                HAL_GPIO_WritePin
                0x080130ba                HAL_GPIO_TogglePin
                0x080130de                HAL_GPIO_LockPin
                0x0801312e                HAL_GPIO_EXTI_IRQHandler
                0x08013160                HAL_GPIO_EXTI_Callback
 .text          0x08013178      0xc88 build/HAL/stm32f4xx_hal_dma.o
                0x08013178                HAL_DMA_Init
                0x080132d4                HAL_DMA_DeInit
                0x0801336c                HAL_DMA_Start
                0x080133e2                HAL_DMA_Start_IT
                0x080134a2                HAL_DMA_Abort
                0x08013582                HAL_DMA_Abort_IT
                0x080135c6                HAL_DMA_PollForTransfer
                0x08013784                HAL_DMA_IRQHandler
                0x08013a96                HAL_DMA_RegisterCallback
                0x08013b3e                HAL_DMA_UnRegisterCallback
                0x08013c10                HAL_DMA_GetState
                0x08013c2c                HAL_DMA_GetError
 .text          0x08013e00      0x3bc build/HAL/stm32f4xx_hal_pwr_ex.o
                0x08013e00                HAL_PWREx_EnableBkUpReg
                0x08013e4c                HAL_PWREx_DisableBkUpReg
                0x08013e98                HAL_PWREx_EnableFlashPowerDown
                0x08013eb0                HAL_PWREx_DisableFlashPowerDown
                0x08013ec8                HAL_PWREx_GetVoltageRange
                0x08013ee4                HAL_PWREx_ControlVoltageScaling
                0x08013fd8                HAL_PWREx_EnableOverDrive
                0x08014078                HAL_PWREx_DisableOverDrive
                0x08014118                HAL_PWREx_EnterUnderDriveSTOPMode
 .text          0x080141bc      0x628 build/HAL/stm32f4xx_hal_cortex.o
                0x08014544                HAL_NVIC_SetPriorityGrouping
                0x0801455a                HAL_NVIC_SetPriority
                0x08014592                HAL_NVIC_EnableIRQ
                0x080145ae                HAL_NVIC_DisableIRQ
                0x080145ca                HAL_NVIC_SystemReset
                0x080145d6                HAL_SYSTICK_Config
                0x080145ee                HAL_MPU_Disable
                0x0801461c                HAL_MPU_Enable
                0x08014658                HAL_MPU_ConfigRegion
                0x080146e0                HAL_NVIC_GetPriorityGrouping
                0x080146ee                HAL_NVIC_GetPriority
                0x0801471a                HAL_NVIC_SetPendingIRQ
                0x08014736                HAL_NVIC_GetPendingIRQ
                0x08014754                HAL_NVIC_ClearPendingIRQ
                0x08014770                HAL_NVIC_GetActive
                0x0801478e                HAL_SYSTICK_CLKSourceConfig
                0x080147c8                HAL_SYSTICK_IRQHandler
 .text          0x080147e4      0x3c0 build/HAL/stm32f4xx_hal.o
                0x080147e4                HAL_Init
                0x08014828                HAL_DeInit
                0x0801488e                HAL_MspDeInit
                0x0801489c                HAL_InitTick
                0x080148fc                HAL_IncTick
                0x08014924                HAL_GetTick
                0x0801493c                HAL_GetTickPrio
                0x08014954                HAL_SetTickFreq
                0x08014994                HAL_GetTickFreq
                0x080149ac                HAL_Delay
                0x080149f0                HAL_SuspendTick
                0x08014a10                HAL_ResumeTick
                0x08014a30                HAL_GetHalVersion
                0x08014a44                HAL_GetREVID
                0x08014a5c                HAL_GetDEVID
                0x08014a78                HAL_DBGMCU_EnableDBGSleepMode
                0x08014a98                HAL_DBGMCU_DisableDBGSleepMode
                0x08014ab8                HAL_DBGMCU_EnableDBGStopMode
                0x08014ad8                HAL_DBGMCU_DisableDBGStopMode
                0x08014af8                HAL_DBGMCU_EnableDBGStandbyMode
                0x08014b18                HAL_DBGMCU_DisableDBGStandbyMode
                0x08014b38                HAL_EnableCompensationCell
                0x08014b50                HAL_DisableCompensationCell
                0x08014b68                HAL_GetUID
 .text          0x08014ba4      0x160 build/HAL/system_stm32f4xx.o
                0x08014ba4                SystemInit
                0x08014c10                SystemCoreClockUpdate
 .text          0x08014d04       0x14 c:/stm32/gcc-arm-none-eabi/bin/../lib/gcc/arm-none-eabi/7.3.1/../../../../arm-none-eabi/lib/thumb/v7e-m/fpv4-sp/hard\libc_nano.a(lib_a-strcmp.o)
                0x08014d04                strcmp
 .text          0x08014d18       0x10 c:/stm32/gcc-arm-none-eabi/bin/../lib/gcc/arm-none-eabi/7.3.1/../../../../arm-none-eabi/lib/thumb/v7e-m/fpv4-sp/hard\libc_nano.a(lib_a-strlen.o)
                0x08014d18                strlen
 *fill*         0x08014d28        0x8 
 .text          0x08014d30       0xa0 c:/stm32/gcc-arm-none-eabi/bin/../lib/gcc/arm-none-eabi/7.3.1/../../../../arm-none-eabi/lib/thumb/v7e-m/fpv4-sp/hard\libc_nano.a(lib_a-memchr.o)
                0x08014d30                memchr
 .text          0x08014dd0      0x378 c:/stm32/gcc-arm-none-eabi/bin/../lib/gcc/arm-none-eabi/7.3.1/thumb/v7e-m/fpv4-sp/hard\libgcc.a(_arm_addsubdf3.o)
                0x08014dd0                __aeabi_drsub
                0x08014dd8                __aeabi_dsub
                0x08014dd8                __subdf3
                0x08014ddc                __aeabi_dadd
                0x08014ddc                __adddf3
                0x08015054                __floatunsidf
                0x08015054                __aeabi_ui2d
                0x08015074                __floatsidf
                0x08015074                __aeabi_i2d
                0x08015098                __aeabi_f2d
                0x08015098                __extendsfdf2
                0x080150dc                __floatundidf
                0x080150dc                __aeabi_ul2d
                0x080150ec                __floatdidf
                0x080150ec                __aeabi_l2d
 .text          0x08015148      0x424 c:/stm32/gcc-arm-none-eabi/bin/../lib/gcc/arm-none-eabi/7.3.1/thumb/v7e-m/fpv4-sp/hard\libgcc.a(_arm_muldivdf3.o)
                0x08015148                __aeabi_dmul
                0x08015148                __muldf3
                0x0801539c                __divdf3
                0x0801539c                __aeabi_ddiv
 .text          0x0801556c      0x110 c:/stm32/gcc-arm-none-eabi/bin/../lib/gcc/arm-none-eabi/7.3.1/thumb/v7e-m/fpv4-sp/hard\libgcc.a(_arm_cmpdf2.o)
                0x0801556c                __gtdf2
                0x0801556c                __gedf2
                0x08015574                __ltdf2
                0x08015574                __ledf2
                0x0801557c                __nedf2
                0x0801557c                __eqdf2
                0x0801557c                __cmpdf2
                0x080155f8                __aeabi_cdrcmple
                0x08015608                __aeabi_cdcmpeq
                0x08015608                __aeabi_cdcmple
                0x08015618                __aeabi_dcmpeq
                0x0801562c                __aeabi_dcmplt
                0x08015640                __aeabi_dcmple
                0x08015654                __aeabi_dcmpge
                0x08015668                __aeabi_dcmpgt
 .text          0x0801567c       0x2c c:/stm32/gcc-arm-none-eabi/bin/../lib/gcc/arm-none-eabi/7.3.1/thumb/v7e-m/fpv4-sp/hard\libgcc.a(_arm_unorddf2.o)
                0x0801567c                __unorddf2
                0x0801567c                __aeabi_dcmpun
 .text          0x080156a8       0x50 c:/stm32/gcc-arm-none-eabi/bin/../lib/gcc/arm-none-eabi/7.3.1/thumb/v7e-m/fpv4-sp/hard\libgcc.a(_arm_fixdfsi.o)
                0x080156a8                __aeabi_d2iz
                0x080156a8                __fixdfsi
 .text          0x080156f8       0x40 c:/stm32/gcc-arm-none-eabi/bin/../lib/gcc/arm-none-eabi/7.3.1/thumb/v7e-m/fpv4-sp/hard\libgcc.a(_arm_fixunsdfsi.o)
                0x080156f8                __aeabi_d2uiz
                0x080156f8                __fixunsdfsi
 .text          0x08015738       0x30 c:/stm32/gcc-arm-none-eabi/bin/../lib/gcc/arm-none-eabi/7.3.1/thumb/v7e-m/fpv4-sp/hard\libgcc.a(_aeabi_uldivmod.o)
                0x08015738                __aeabi_uldivmod
 .text          0x08015768      0x2cc c:/stm32/gcc-arm-none-eabi/bin/../lib/gcc/arm-none-eabi/7.3.1/thumb/v7e-m/fpv4-sp/hard\libgcc.a(_udivmoddi4.o)
                0x08015768                __udivmoddi4
 .text          0x08015a34      0x9ec c:/stm32/gcc-arm-none-eabi/bin/../lib/gcc/arm-none-eabi/7.3.1/thumb/v7e-m/fpv4-sp/hard\libgcc.a(unwind-arm.o)
                0x08015ce8                _Unwind_GetCFA
                0x08015cec                __gnu_Unwind_RaiseException
                0x08015d4c                __gnu_Unwind_ForcedUnwind
                0x08015d60                __gnu_Unwind_Resume
                0x08015da4                __gnu_Unwind_Resume_or_Rethrow
                0x08015db4                _Unwind_Complete
                0x08015db8                _Unwind_DeleteException
                0x08015dc4                _Unwind_VRS_Get
                0x08015e08                _Unwind_VRS_Set
                0x08015e50                __gnu_Unwind_Backtrace
                0x08016194                __aeabi_unwind_cpp_pr0
                0x08016198                __aeabi_unwind_cpp_pr1
                0x0801619c                __aeabi_unwind_cpp_pr2
                0x080161a0                _Unwind_VRS_Pop
 .text          0x08016420      0x1ac c:/stm32/gcc-arm-none-eabi/bin/../lib/gcc/arm-none-eabi/7.3.1/thumb/v7e-m/fpv4-sp/hard\libgcc.a(libunwind.o)
                0x08016420                __restore_core_regs
                0x08016420                restore_core_regs
                0x08016438                __gnu_Unwind_Restore_VFP
                0x08016440                __gnu_Unwind_Save_VFP
                0x08016448                __gnu_Unwind_Restore_VFP_D
                0x08016450                __gnu_Unwind_Save_VFP_D
                0x08016458                __gnu_Unwind_Restore_VFP_D_16_to_31
                0x08016460                __gnu_Unwind_Save_VFP_D_16_to_31
                0x08016468                __gnu_Unwind_Restore_WMMXD
                0x080164ac                __gnu_Unwind_Save_WMMXD
                0x080164f0                __gnu_Unwind_Restore_WMMXC
                0x08016504                __gnu_Unwind_Save_WMMXC
                0x08016518                ___Unwind_RaiseException
                0x08016518                _Unwind_RaiseException
                0x0801653c                _Unwind_Resume
                0x0801653c                ___Unwind_Resume
                0x08016560                _Unwind_Resume_or_Rethrow
                0x08016560                ___Unwind_Resume_or_Rethrow
                0x08016584                _Unwind_ForcedUnwind
                0x08016584                ___Unwind_ForcedUnwind
                0x080165a8                ___Unwind_Backtrace
                0x080165a8                _Unwind_Backtrace
 .text          0x080165cc      0x374 c:/stm32/gcc-arm-none-eabi/bin/../lib/gcc/arm-none-eabi/7.3.1/thumb/v7e-m/fpv4-sp/hard\libgcc.a(pr-support.o)
                0x08016624                __gnu_unwind_execute
                0x080168e8                __gnu_unwind_frame
                0x08016910                _Unwind_GetRegionStart
                0x0801691c                _Unwind_GetLanguageSpecificData
                0x08016930                _Unwind_GetDataRelBase
                0x08016938                _Unwind_GetTextRelBase
 .text          0x08016940        0x4 c:/stm32/gcc-arm-none-eabi/bin/../lib/gcc/arm-none-eabi/7.3.1/thumb/v7e-m/fpv4-sp/hard\libgcc.a(_dvmd_tls.o)
                0x08016940                __aeabi_idiv0
                0x08016940                __aeabi_ldiv0
 *(.text*)
 .text._ZN14HardwareSerial5beginEm
                0x08016944       0x1c build/PROJECT/sketch.o
                0x08016944                HardwareSerial::begin(unsigned long)
 .text._ZN14HardwareSerial5writeEj
                0x08016960       0x24 build/PROJECT/sketch.o
                0x08016960                HardwareSerial::write(unsigned int)
 .text._ZN14HardwareSerial5writeEi
                0x08016984       0x24 build/PROJECT/sketch.o
                0x08016984                HardwareSerial::write(int)
 .text._ZN12BlinkerPanel8getStateEv
                0x080169a8       0x1a build/PROJECT/sketch.o
                0x080169a8                BlinkerPanel::getState()
 .text._ZN12SegmentVideoC2Ev
                0x080169c2       0x42 build/PROJECT/sketch.o
                0x080169c2                SegmentVideo::SegmentVideo()
                0x080169c2                SegmentVideo::SegmentVideo()
 .text._ZN4midi13MidiInterfaceI14HardwareSerialNS_15DefaultSettingsEEC2ERS1_
                0x08016a04       0xe2 build/PROJECT/sketch.o
                0x08016a04                midi::MidiInterface<HardwareSerial, midi::DefaultSettings>::MidiInterface(HardwareSerial&)
                0x08016a04                midi::MidiInterface<HardwareSerial, midi::DefaultSettings>::MidiInterface(HardwareSerial&)
 .text._ZN4midi13MidiInterfaceI14HardwareSerialNS_15DefaultSettingsEE14setHandleClockEPFvvE
                0x08016ae6       0x1c build/PROJECT/sketch.o
                0x08016ae6                midi::MidiInterface<HardwareSerial, midi::DefaultSettings>::setHandleClock(void (*)())
 .text._ZN4midi13MidiInterfaceI14HardwareSerialNS_15DefaultSettingsEE14setHandleStartEPFvvE
                0x08016b02       0x1c build/PROJECT/sketch.o
                0x08016b02                midi::MidiInterface<HardwareSerial, midi::DefaultSettings>::setHandleStart(void (*)())
 .text._ZN4midi13MidiInterfaceI14HardwareSerialNS_15DefaultSettingsEE17setHandleContinueEPFvvE
                0x08016b1e       0x1c build/PROJECT/sketch.o
                0x08016b1e                midi::MidiInterface<HardwareSerial, midi::DefaultSettings>::setHandleContinue(void (*)())
 .text._ZN4midi13MidiInterfaceI14HardwareSerialNS_15DefaultSettingsEE13setHandleStopEPFvvE
                0x08016b3a       0x1c build/PROJECT/sketch.o
                0x08016b3a                midi::MidiInterface<HardwareSerial, midi::DefaultSettings>::setHandleStop(void (*)())
 .text._ZN4midi13MidiInterfaceI14HardwareSerialNS_15DefaultSettingsEE15setHandleNoteOnEPFvhhhE
                0x08016b56       0x1c build/PROJECT/sketch.o
                0x08016b56                midi::MidiInterface<HardwareSerial, midi::DefaultSettings>::setHandleNoteOn(void (*)(unsigned char, unsigned char, unsigned char))
 .text._ZN4midi13MidiInterfaceI14HardwareSerialNS_15DefaultSettingsEE16setHandleNoteOffEPFvhhhE
                0x08016b72       0x1c build/PROJECT/sketch.o
                0x08016b72                midi::MidiInterface<HardwareSerial, midi::DefaultSettings>::setHandleNoteOff(void (*)(unsigned char, unsigned char, unsigned char))
 .text._ZN4midi13MidiInterfaceI14HardwareSerialNS_15DefaultSettingsEE5beginEh
                0x08016b8e       0x9c build/PROJECT/sketch.o
                0x08016b8e                midi::MidiInterface<HardwareSerial, midi::DefaultSettings>::begin(unsigned char)
 .text._ZN4midi13MidiInterfaceI14HardwareSerialNS_15DefaultSettingsEE4readEv
                0x08016c2a       0x20 build/PROJECT/sketch.o
                0x08016c2a                midi::MidiInterface<HardwareSerial, midi::DefaultSettings>::read()
 .text._ZN4midi7MessageILj128EEC2Ev
                0x08016c4a       0x40 build/PROJECT/sketch.o
                0x08016c4a                midi::Message<128u>::Message()
                0x08016c4a                midi::Message<128u>::Message()
 .text._ZN4midi13MidiInterfaceI14HardwareSerialNS_15DefaultSettingsEE4readEh
                0x08016c8a       0x60 build/PROJECT/sketch.o
                0x08016c8a                midi::MidiInterface<HardwareSerial, midi::DefaultSettings>::read(unsigned char)
 *fill*         0x08016cea        0x2 
 .text._ZN4midi13MidiInterfaceI14HardwareSerialNS_15DefaultSettingsEE5parseEv
                0x08016cec      0x59c build/PROJECT/sketch.o
                0x08016cec                midi::MidiInterface<HardwareSerial, midi::DefaultSettings>::parse()
 .text._ZN4midi13MidiInterfaceI14HardwareSerialNS_15DefaultSettingsEE33handleNullVelocityNoteOnAsNoteOffEv
                0x08017288       0x3a build/PROJECT/sketch.o
                0x08017288                midi::MidiInterface<HardwareSerial, midi::DefaultSettings>::handleNullVelocityNoteOnAsNoteOff()
 .text._ZN4midi13MidiInterfaceI14HardwareSerialNS_15DefaultSettingsEE11inputFilterEh
                0x080172c2       0x4a build/PROJECT/sketch.o
                0x080172c2                midi::MidiInterface<HardwareSerial, midi::DefaultSettings>::inputFilter(unsigned char)
 .text._ZN4midi13MidiInterfaceI14HardwareSerialNS_15DefaultSettingsEE14launchCallbackEv
                0x0801730c      0x46c build/PROJECT/sketch.o
                0x0801730c                midi::MidiInterface<HardwareSerial, midi::DefaultSettings>::launchCallback()
 .text._ZN4midi13MidiInterfaceI14HardwareSerialNS_15DefaultSettingsEE10thruFilterEh
                0x08017778      0x1d4 build/PROJECT/sketch.o
                0x08017778                midi::MidiInterface<HardwareSerial, midi::DefaultSettings>::thruFilter(unsigned char)
 .text._ZN4midi13MidiInterfaceI14HardwareSerialNS_15DefaultSettingsEE16isChannelMessageENS_8MidiTypeE
                0x0801794c       0x46 build/PROJECT/sketch.o
                0x0801794c                midi::MidiInterface<HardwareSerial, midi::DefaultSettings>::isChannelMessage(midi::MidiType)
 .text._ZN4midi13MidiInterfaceI14HardwareSerialNS_15DefaultSettingsEE21getTypeFromStatusByteEh
                0x08017992       0x4c build/PROJECT/sketch.o
                0x08017992                midi::MidiInterface<HardwareSerial, midi::DefaultSettings>::getTypeFromStatusByte(unsigned char)
 .text._ZN4midi13MidiInterfaceI14HardwareSerialNS_15DefaultSettingsEE10resetInputEv
                0x080179de       0x28 build/PROJECT/sketch.o
                0x080179de                midi::MidiInterface<HardwareSerial, midi::DefaultSettings>::resetInput()
 .text._ZN4midi13MidiInterfaceI14HardwareSerialNS_15DefaultSettingsEE24getChannelFromStatusByteEh
                0x08017a06       0x22 build/PROJECT/sketch.o
                0x08017a06                midi::MidiInterface<HardwareSerial, midi::DefaultSettings>::getChannelFromStatusByte(unsigned char)
 .text._ZNK4midi13MidiInterfaceI14HardwareSerialNS_15DefaultSettingsEE7getTypeEv
                0x08017a28       0x1a build/PROJECT/sketch.o
                0x08017a28                midi::MidiInterface<HardwareSerial, midi::DefaultSettings>::getType() const
 .text._ZNK4midi13MidiInterfaceI14HardwareSerialNS_15DefaultSettingsEE8getData2Ev
                0x08017a42       0x1a build/PROJECT/sketch.o
                0x08017a42                midi::MidiInterface<HardwareSerial, midi::DefaultSettings>::getData2() const
 .text._ZNK4midi7MessageILj128EE12getSysExSizeEv
                0x08017a5c       0x2e build/PROJECT/sketch.o
                0x08017a5c                midi::Message<128u>::getSysExSize() const
 .text._ZN4midi13MidiInterfaceI14HardwareSerialNS_15DefaultSettingsEE4sendENS_8MidiTypeEhhh
                0x08017a8a       0xb2 build/PROJECT/sketch.o
                0x08017a8a                midi::MidiInterface<HardwareSerial, midi::DefaultSettings>::send(midi::MidiType, unsigned char, unsigned char, unsigned char)
 .text._ZN4midi13MidiInterfaceI14HardwareSerialNS_15DefaultSettingsEE12sendRealTimeENS_8MidiTypeE
                0x08017b3c       0x5c build/PROJECT/sketch.o
                0x08017b3c                midi::MidiInterface<HardwareSerial, midi::DefaultSettings>::sendRealTime(midi::MidiType)
 .text._ZN4midi13MidiInterfaceI14HardwareSerialNS_15DefaultSettingsEE9sendSysExEjPKhb
                0x08017b98       0x6e build/PROJECT/sketch.o
                0x08017b98                midi::MidiInterface<HardwareSerial, midi::DefaultSettings>::sendSysEx(unsigned int, unsigned char const*, bool)
 .text._ZNK4midi13MidiInterfaceI14HardwareSerialNS_15DefaultSettingsEE19getSysExArrayLengthEv
                0x08017c06       0x1c build/PROJECT/sketch.o
                0x08017c06                midi::MidiInterface<HardwareSerial, midi::DefaultSettings>::getSysExArrayLength() const
 .text._ZNK4midi13MidiInterfaceI14HardwareSerialNS_15DefaultSettingsEE13getSysExArrayEv
                0x08017c22       0x18 build/PROJECT/sketch.o
                0x08017c22                midi::MidiInterface<HardwareSerial, midi::DefaultSettings>::getSysExArray() const
 .text._ZN4midi13MidiInterfaceI14HardwareSerialNS_15DefaultSettingsEE14sendSongSelectEh
                0x08017c3a       0x38 build/PROJECT/sketch.o
                0x08017c3a                midi::MidiInterface<HardwareSerial, midi::DefaultSettings>::sendSongSelect(unsigned char)
 .text._ZN4midi13MidiInterfaceI14HardwareSerialNS_15DefaultSettingsEE16sendSongPositionEj
                0x08017c72       0x4a build/PROJECT/sketch.o
                0x08017c72                midi::MidiInterface<HardwareSerial, midi::DefaultSettings>::sendSongPosition(unsigned int)
 .text._ZN4midi13MidiInterfaceI14HardwareSerialNS_15DefaultSettingsEE24sendTimeCodeQuarterFrameEhh
                0x08017cbc       0x3e build/PROJECT/sketch.o
                0x08017cbc                midi::MidiInterface<HardwareSerial, midi::DefaultSettings>::sendTimeCodeQuarterFrame(unsigned char, unsigned char)
 .text._ZNK4midi13MidiInterfaceI14HardwareSerialNS_15DefaultSettingsEE9getStatusENS_8MidiTypeEh
                0x08017cfa       0x34 build/PROJECT/sketch.o
                0x08017cfa                midi::MidiInterface<HardwareSerial, midi::DefaultSettings>::getStatus(midi::MidiType, unsigned char) const
 .text._ZN4midi13MidiInterfaceI14HardwareSerialNS_15DefaultSettingsEE24sendTimeCodeQuarterFrameEh
                0x08017d2e       0x38 build/PROJECT/sketch.o
                0x08017d2e                midi::MidiInterface<HardwareSerial, midi::DefaultSettings>::sendTimeCodeQuarterFrame(unsigned char)
 .text._ZN4midi13MidiInterfaceI14HardwareSerialNS_15DefaultSettingsEED2Ev
                0x08017d66       0x16 build/PROJECT/sketch.o
                0x08017d66                midi::MidiInterface<HardwareSerial, midi::DefaultSettings>::~MidiInterface()
                0x08017d66                midi::MidiInterface<HardwareSerial, midi::DefaultSettings>::~MidiInterface()
 .text._ZN14PanelComponentC2Ev
                0x08017d7c       0x20 build/PROJECT/BlinkerPanel.o
                0x08017d7c                PanelComponent::PanelComponent()
                0x08017d7c                PanelComponent::PanelComponent()
 .text._ZN14PanelComponent12hasFreshDataEv
                0x08017d9c       0x16 build/PROJECT/BlinkerPanel.o
                0x08017d9c                PanelComponent::hasFreshData()
 .text._ZN14PanelComponent7freshenEt
                0x08017db2       0x18 build/PROJECT/BlinkerPanel.o
                0x08017db2                PanelComponent::freshen(unsigned short)
 *fill*         0x08017dca        0x2 
 .text._ZN3LedC2Ev
                0x08017dcc       0x2c build/PROJECT/BlinkerPanel.o
                0x08017dcc                Led::Led()
                0x08017dcc                Led::Led()
 .text._ZN6ButtonC2Ev
                0x08017df8       0x30 build/PROJECT/BlinkerPanel.o
                0x08017df8                Button::Button()
                0x08017df8                Button::Button()
 .text._ZN26GenericHardwareDescription12readHardwareEv
                0x08017e28       0x14 build/ARDUINO/HardwareInterfaces.o
                0x08017e28                GenericHardwareDescription::readHardware()
 .text._ZN26GenericHardwareDescription13writeHardwareEv
                0x08017e3c       0x14 build/ARDUINO/HardwareInterfaces.o
                0x08017e3c                GenericHardwareDescription::writeHardware()
 .text._ZN26GenericHardwareDescriptionC2Ev
                0x08017e50       0x28 build/ARDUINO/HardwareInterfaces.o
                0x08017e50                GenericHardwareDescription::GenericHardwareDescription()
                0x08017e50                GenericHardwareDescription::GenericHardwareDescription()
 .text._ZN10ListObjectC2Ev
                0x08017e78       0x22 build/ARDUINO/Panel.o
                0x08017e78                ListObject::ListObject()
                0x08017e78                ListObject::ListObject()
 .text._ZN26GenericHardwareDescription7getDataEP10DataObject
                0x08017e9a       0x24 build/ARDUINO/PanelComponents.o
                0x08017e9a                GenericHardwareDescription::getData(DataObject*)
 .text._ZN26GenericHardwareDescription7setDataEP10DataObject
                0x08017ebe       0x24 build/ARDUINO/PanelComponents.o
                0x08017ebe                GenericHardwareDescription::setData(DataObject*)
 .text._ZN15KnobParentClass7freshenEt
                0x08017ee2       0x18 build/ARDUINO/PanelComponents.o
                0x08017ee2                KnobParentClass::freshen(unsigned short)
 *fill*         0x08017efa        0x2 
 .text._ZN16Complex10BitKnobC2Ev
                0x08017efc       0x68 build/ARDUINO/PanelComponents.o
                0x08017efc                Complex10BitKnob::Complex10BitKnob()
                0x08017efc                Complex10BitKnob::Complex10BitKnob()
 .text._ZN14CircularBufferItEC2Eh
                0x08017f64       0x50 build/ARDUINO/PanelComponents.o
                0x08017f64                CircularBuffer<unsigned short>::CircularBuffer(unsigned char)
                0x08017f64                CircularBuffer<unsigned short>::CircularBuffer(unsigned char)
 .text._ZN14CircularBufferItE5writeEt
                0x08017fb4       0x5e build/ARDUINO/PanelComponents.o
                0x08017fb4                CircularBuffer<unsigned short>::write(unsigned short)
 .text._ZN14CircularBufferItE4readEh
                0x08018012       0x94 build/ARDUINO/PanelComponents.o
                0x08018012                CircularBuffer<unsigned short>::read(unsigned char)
 *fill*         0x080180a6        0x2 
 .text._ZN5PrintC2Ev
                0x080180a8       0x28 build/ARDUINO/HardwareSerial.o
                0x080180a8                Print::Print()
                0x080180a8                Print::Print()
 .text._ZN6StreamC2Ev
                0x080180d0       0x2c build/ARDUINO/HardwareSerial.o
                0x080180d0                Stream::Stream()
                0x080180d0                Stream::Stream()
 .text._ZSt5isinfd
                0x080180fc       0x5c build/ARDUINO/Print.o
                0x080180fc                std::isinf(double)
 .text._ZSt5isnand
                0x08018158       0x2a build/ARDUINO/Print.o
                0x08018158                std::isnan(double)
 .text._ZNK6String6lengthEv
                0x08018182       0x18 build/ARDUINO/Print.o
                0x08018182                String::length() const
 .text._ZNK6String5c_strEv
                0x0801819a       0x18 build/ARDUINO/Print.o
                0x0801819a                String::c_str() const
 .text._ZN5Print5writeEPKc
                0x080181b2       0x36 build/ARDUINO/Print.o
                0x080181b2                Print::write(char const*)
 .text._ZN5Print5writeEPKcj
                0x080181e8       0x26 build/ARDUINO/Print.o
                0x080181e8                Print::write(char const*, unsigned int)
 *fill*         0x0801820e        0x2 
 .text.Reset_Handler
                0x08018210       0x50 build/HAL/startup_stm32f446xx.o
                0x08018210                Reset_Handler
 .text.Default_Handler
                0x08018260        0x2 build/HAL/startup_stm32f446xx.o
                0x08018260                TIM1_UP_TIM10_IRQHandler
                0x08018260                FMPI2C1_Event_IRQHandler
                0x08018260                Default_Handler
                0x08018260                FMPI2C1_Error_IRQHandler
                0x08018260                SDIO_IRQHandler
 .text._Znwj    0x08018262       0x22 c:/stm32/gcc-arm-none-eabi/bin/../lib/gcc/arm-none-eabi/7.3.1/../../../../arm-none-eabi/lib/thumb/v7e-m/fpv4-sp/hard\libstdc++_nano.a(new_op.o)
                0x08018262                operator new(unsigned int)
 .text._ZdlPv   0x08018284        0x4 c:/stm32/gcc-arm-none-eabi/bin/../lib/gcc/arm-none-eabi/7.3.1/../../../../arm-none-eabi/lib/thumb/v7e-m/fpv4-sp/hard\libstdc++_nano.a(del_op.o)
                0x08018284                operator delete(void*)
 .text._ZL12read_uleb128PKhPm
                0x08018288       0x22 c:/stm32/gcc-arm-none-eabi/bin/../lib/gcc/arm-none-eabi/7.3.1/../../../../arm-none-eabi/lib/thumb/v7e-m/fpv4-sp/hard\libstdc++_nano.a(eh_personality.o)
 .text._ZL12read_sleb128PKhPl
                0x080182aa       0x30 c:/stm32/gcc-arm-none-eabi/bin/../lib/gcc/arm-none-eabi/7.3.1/../../../../arm-none-eabi/lib/thumb/v7e-m/fpv4-sp/hard\libstdc++_nano.a(eh_personality.o)
 .text._ZL28read_encoded_value_with_basehjPKhPj
                0x080182da       0x88 c:/stm32/gcc-arm-none-eabi/bin/../lib/gcc/arm-none-eabi/7.3.1/../../../../arm-none-eabi/lib/thumb/v7e-m/fpv4-sp/hard\libstdc++_nano.a(eh_personality.o)
 .text._Unwind_GetGR
                0x08018362       0x18 c:/stm32/gcc-arm-none-eabi/bin/../lib/gcc/arm-none-eabi/7.3.1/../../../../arm-none-eabi/lib/thumb/v7e-m/fpv4-sp/hard\libstdc++_nano.a(eh_personality.o)
 .text._ZL21base_of_encoded_valuehP15_Unwind_Context.part.3
                0x0801837a       0x44 c:/stm32/gcc-arm-none-eabi/bin/../lib/gcc/arm-none-eabi/7.3.1/../../../../arm-none-eabi/lib/thumb/v7e-m/fpv4-sp/hard\libstdc++_nano.a(eh_personality.o)
 .text._ZL18read_encoded_valueP15_Unwind_ContexthPKhPj
                0x080183be       0x28 c:/stm32/gcc-arm-none-eabi/bin/../lib/gcc/arm-none-eabi/7.3.1/../../../../arm-none-eabi/lib/thumb/v7e-m/fpv4-sp/hard\libstdc++_nano.a(eh_personality.o)
 .text._ZL17parse_lsda_headerP15_Unwind_ContextPKhP16lsda_header_info
                0x080183e6       0x5e c:/stm32/gcc-arm-none-eabi/bin/../lib/gcc/arm-none-eabi/7.3.1/../../../../arm-none-eabi/lib/thumb/v7e-m/fpv4-sp/hard\libstdc++_nano.a(eh_personality.o)
 .text.__gxx_personality_v0
                0x08018444      0x380 c:/stm32/gcc-arm-none-eabi/bin/../lib/gcc/arm-none-eabi/7.3.1/../../../../arm-none-eabi/lib/thumb/v7e-m/fpv4-sp/hard\libstdc++_nano.a(eh_personality.o)
                0x08018444                __gxx_personality_v0
 .text._ZN10__cxxabiv1L24__is_gxx_exception_classEPc
                0x080187c4       0x3a c:/stm32/gcc-arm-none-eabi/bin/../lib/gcc/arm-none-eabi/7.3.1/../../../../arm-none-eabi/lib/thumb/v7e-m/fpv4-sp/hard\libstdc++_nano.a(eh_call.o)
 .text.__cxa_call_terminate
                0x080187fe       0x1e c:/stm32/gcc-arm-none-eabi/bin/../lib/gcc/arm-none-eabi/7.3.1/../../../../arm-none-eabi/lib/thumb/v7e-m/fpv4-sp/hard\libstdc++_nano.a(eh_call.o)
                0x080187fe                __cxa_call_terminate
 .text.__cxa_call_unexpected
                0x0801881c       0x28 c:/stm32/gcc-arm-none-eabi/bin/../lib/gcc/arm-none-eabi/7.3.1/../../../../arm-none-eabi/lib/thumb/v7e-m/fpv4-sp/hard\libstdc++_nano.a(eh_call.o)
                0x0801881c                __cxa_call_unexpected
 .text.__cxa_throw_bad_array_new_length
                0x08018844        0x6 c:/stm32/gcc-arm-none-eabi/bin/../lib/gcc/arm-none-eabi/7.3.1/../../../../arm-none-eabi/lib/thumb/v7e-m/fpv4-sp/hard\libstdc++_nano.a(eh_aux_runtime.o)
                0x08018844                __cxa_throw_bad_array_new_length
 .text._ZdaPv   0x0801884a        0x4 c:/stm32/gcc-arm-none-eabi/bin/../lib/gcc/arm-none-eabi/7.3.1/../../../../arm-none-eabi/lib/thumb/v7e-m/fpv4-sp/hard\libstdc++_nano.a(del_opv.o)
                0x0801884a                operator delete[](void*)
 *fill*         0x0801884e        0x2 
 .text._ZSt15get_new_handlerv
                0x08018850       0x10 c:/stm32/gcc-arm-none-eabi/bin/../lib/gcc/arm-none-eabi/7.3.1/../../../../arm-none-eabi/lib/thumb/v7e-m/fpv4-sp/hard\libstdc++_nano.a(new_handler.o)
                0x08018850                std::get_new_handler()
 .text._ZN10__cxxabiv1L24__is_gxx_exception_classEPc
                0x08018860       0x3a c:/stm32/gcc-arm-none-eabi/bin/../lib/gcc/arm-none-eabi/7.3.1/../../../../arm-none-eabi/lib/thumb/v7e-m/fpv4-sp/hard\libstdc++_nano.a(eh_catch.o)
 .text.__cxa_begin_catch
                0x0801889a       0x54 c:/stm32/gcc-arm-none-eabi/bin/../lib/gcc/arm-none-eabi/7.3.1/../../../../arm-none-eabi/lib/thumb/v7e-m/fpv4-sp/hard\libstdc++_nano.a(eh_catch.o)
                0x0801889a                __cxa_begin_catch
 *fill*         0x080188ee        0x2 
 .text.__cxa_get_globals
                0x080188f0        0x8 c:/stm32/gcc-arm-none-eabi/bin/../lib/gcc/arm-none-eabi/7.3.1/../../../../arm-none-eabi/lib/thumb/v7e-m/fpv4-sp/hard\libstdc++_nano.a(eh_globals.o)
                0x080188f0                __cxa_get_globals
 .text._ZN10__cxxabiv111__terminateEPFvvE
                0x080188f8        0x8 c:/stm32/gcc-arm-none-eabi/bin/../lib/gcc/arm-none-eabi/7.3.1/../../../../arm-none-eabi/lib/thumb/v7e-m/fpv4-sp/hard\libstdc++_nano.a(eh_terminate.o)
                0x080188f8                __cxxabiv1::__terminate(void (*)())
 .text._ZSt13get_terminatev
                0x08018900       0x10 c:/stm32/gcc-arm-none-eabi/bin/../lib/gcc/arm-none-eabi/7.3.1/../../../../arm-none-eabi/lib/thumb/v7e-m/fpv4-sp/hard\libstdc++_nano.a(eh_terminate.o)
                0x08018900                std::get_terminate()
 .text._ZSt9terminatev
                0x08018910        0xa c:/stm32/gcc-arm-none-eabi/bin/../lib/gcc/arm-none-eabi/7.3.1/../../../../arm-none-eabi/lib/thumb/v7e-m/fpv4-sp/hard\libstdc++_nano.a(eh_terminate.o)
                0x08018910                std::terminate()
 .text._ZN10__cxxabiv112__unexpectedEPFvvE
                0x0801891a        0x8 c:/stm32/gcc-arm-none-eabi/bin/../lib/gcc/arm-none-eabi/7.3.1/../../../../arm-none-eabi/lib/thumb/v7e-m/fpv4-sp/hard\libstdc++_nano.a(eh_terminate.o)
                0x0801891a                __cxxabiv1::__unexpected(void (*)())
 *fill*         0x08018922        0x2 
 .text._ZSt14get_unexpectedv
                0x08018924       0x10 c:/stm32/gcc-arm-none-eabi/bin/../lib/gcc/arm-none-eabi/7.3.1/../../../../arm-none-eabi/lib/thumb/v7e-m/fpv4-sp/hard\libstdc++_nano.a(eh_terminate.o)
                0x08018924                std::get_unexpected()
 .text._ZSt10unexpectedv
                0x08018934        0xa c:/stm32/gcc-arm-none-eabi/bin/../lib/gcc/arm-none-eabi/7.3.1/../../../../arm-none-eabi/lib/thumb/v7e-m/fpv4-sp/hard\libstdc++_nano.a(eh_terminate.o)
                0x08018934                std::unexpected()
 .text.__cxa_end_cleanup
                0x0801893e        0xc c:/stm32/gcc-arm-none-eabi/bin/../lib/gcc/arm-none-eabi/7.3.1/../../../../arm-none-eabi/lib/thumb/v7e-m/fpv4-sp/hard\libstdc++_nano.a(eh_arm.o)
                0x0801893e                __cxa_end_cleanup
 .text._ZN10__cxxabiv1L24__is_gxx_exception_classEPc
                0x0801894a       0x3a c:/stm32/gcc-arm-none-eabi/bin/../lib/gcc/arm-none-eabi/7.3.1/../../../../arm-none-eabi/lib/thumb/v7e-m/fpv4-sp/hard\libstdc++_nano.a(eh_arm.o)
 .text.__cxa_type_match
                0x08018984       0xbc c:/stm32/gcc-arm-none-eabi/bin/../lib/gcc/arm-none-eabi/7.3.1/../../../../arm-none-eabi/lib/thumb/v7e-m/fpv4-sp/hard\libstdc++_nano.a(eh_arm.o)
                0x08018984                __cxa_type_match
 .text.__cxa_begin_cleanup
                0x08018a40       0x3a c:/stm32/gcc-arm-none-eabi/bin/../lib/gcc/arm-none-eabi/7.3.1/../../../../arm-none-eabi/lib/thumb/v7e-m/fpv4-sp/hard\libstdc++_nano.a(eh_arm.o)
                0x08018a40                __cxa_begin_cleanup
 .text.__gnu_end_cleanup
                0x08018a7a       0x32 c:/stm32/gcc-arm-none-eabi/bin/../lib/gcc/arm-none-eabi/7.3.1/../../../../arm-none-eabi/lib/thumb/v7e-m/fpv4-sp/hard\libstdc++_nano.a(eh_arm.o)
                0x08018a7a                __gnu_end_cleanup
 .text.__aeabi_atexit
                0x08018aac        0xa c:/stm32/gcc-arm-none-eabi/bin/../lib/gcc/arm-none-eabi/7.3.1/../../../../arm-none-eabi/lib/thumb/v7e-m/fpv4-sp/hard\libstdc++_nano.a(atexit_arm.o)
                0x08018aac                __aeabi_atexit
 .text._Znaj    0x08018ab6        0x4 c:/stm32/gcc-arm-none-eabi/bin/../lib/gcc/arm-none-eabi/7.3.1/../../../../arm-none-eabi/lib/thumb/v7e-m/fpv4-sp/hard\libstdc++_nano.a(new_opv.o)
                0x08018ab6                operator new[](unsigned int)
 .text._ZdlPvj  0x08018aba        0x4 c:/stm32/gcc-arm-none-eabi/bin/../lib/gcc/arm-none-eabi/7.3.1/../../../../arm-none-eabi/lib/thumb/v7e-m/fpv4-sp/hard\libstdc++_nano.a(del_ops.o)
                0x08018aba                operator delete(void*, unsigned int)
 *fill*         0x08018abe        0x2 
 .text._ZN10__cxxabiv120__si_class_type_infoD2Ev
                0x08018ac0       0x14 c:/stm32/gcc-arm-none-eabi/bin/../lib/gcc/arm-none-eabi/7.3.1/../../../../arm-none-eabi/lib/thumb/v7e-m/fpv4-sp/hard\libstdc++_nano.a(si_class_type_info.o)
                0x08018ac0                __cxxabiv1::__si_class_type_info::~__si_class_type_info()
                0x08018ac0                __cxxabiv1::__si_class_type_info::~__si_class_type_info()
 .text._ZN10__cxxabiv120__si_class_type_infoD0Ev
                0x08018ad4       0x14 c:/stm32/gcc-arm-none-eabi/bin/../lib/gcc/arm-none-eabi/7.3.1/../../../../arm-none-eabi/lib/thumb/v7e-m/fpv4-sp/hard\libstdc++_nano.a(si_class_type_info.o)
                0x08018ad4                __cxxabiv1::__si_class_type_info::~__si_class_type_info()
 .text._ZNK10__cxxabiv120__si_class_type_info20__do_find_public_srcEiPKvPKNS_17__class_type_infoES2_
                0x08018ae8       0x38 c:/stm32/gcc-arm-none-eabi/bin/../lib/gcc/arm-none-eabi/7.3.1/../../../../arm-none-eabi/lib/thumb/v7e-m/fpv4-sp/hard\libstdc++_nano.a(si_class_type_info.o)
                0x08018ae8                __cxxabiv1::__si_class_type_info::__do_find_public_src(int, void const*, __cxxabiv1::__class_type_info const*, void const*) const
 .text._ZNK10__cxxabiv120__si_class_type_info12__do_dyncastEiNS_17__class_type_info10__sub_kindEPKS1_PKvS4_S6_RNS1_16__dyncast_resultE
                0x08018b20       0x74 c:/stm32/gcc-arm-none-eabi/bin/../lib/gcc/arm-none-eabi/7.3.1/../../../../arm-none-eabi/lib/thumb/v7e-m/fpv4-sp/hard\libstdc++_nano.a(si_class_type_info.o)
                0x08018b20                __cxxabiv1::__si_class_type_info::__do_dyncast(int, __cxxabiv1::__class_type_info::__sub_kind, __cxxabiv1::__class_type_info const*, void const*, __cxxabiv1::__class_type_info const*, void const*, __cxxabiv1::__class_type_info::__dyncast_result&) const
 .text._ZNK10__cxxabiv120__si_class_type_info11__do_upcastEPKNS_17__class_type_infoEPKvRNS1_15__upcast_resultE
                0x08018b94       0x2a c:/stm32/gcc-arm-none-eabi/bin/../lib/gcc/arm-none-eabi/7.3.1/../../../../arm-none-eabi/lib/thumb/v7e-m/fpv4-sp/hard\libstdc++_nano.a(si_class_type_info.o)
                0x08018b94                __cxxabiv1::__si_class_type_info::__do_upcast(__cxxabiv1::__class_type_info const*, void const*, __cxxabiv1::__class_type_info::__upcast_result&) const
 .text._ZNSt9type_infoD2Ev
                0x08018bbe        0x2 c:/stm32/gcc-arm-none-eabi/bin/../lib/gcc/arm-none-eabi/7.3.1/../../../../arm-none-eabi/lib/thumb/v7e-m/fpv4-sp/hard\libstdc++_nano.a(tinfo.o)
                0x08018bbe                std::type_info::~type_info()
                0x08018bbe                std::type_info::~type_info()
 .text._ZNKSt9type_info14__is_pointer_pEv
                0x08018bc0        0x4 c:/stm32/gcc-arm-none-eabi/bin/../lib/gcc/arm-none-eabi/7.3.1/../../../../arm-none-eabi/lib/thumb/v7e-m/fpv4-sp/hard\libstdc++_nano.a(tinfo.o)
                0x08018bc0                std::type_info::__is_pointer_p() const
                0x08018bc0                std::type_info::__is_function_p() const
 .text._ZNKSt9type_infoeqERKS_
                0x08018bc4       0x2c c:/stm32/gcc-arm-none-eabi/bin/../lib/gcc/arm-none-eabi/7.3.1/../../../../arm-none-eabi/lib/thumb/v7e-m/fpv4-sp/hard\libstdc++_nano.a(tinfo.o)
                0x08018bc4                std::type_info::operator==(std::type_info const&) const
 .text._ZNK10__cxxabiv117__class_type_info11__do_upcastEPKS0_PPv
                0x08018bf0       0x34 c:/stm32/gcc-arm-none-eabi/bin/../lib/gcc/arm-none-eabi/7.3.1/../../../../arm-none-eabi/lib/thumb/v7e-m/fpv4-sp/hard\libstdc++_nano.a(class_type_info.o)
                0x08018bf0                __cxxabiv1::__class_type_info::__do_upcast(__cxxabiv1::__class_type_info const*, void**) const
 .text._ZNK10__cxxabiv117__class_type_info20__do_find_public_srcEiPKvPKS0_S2_
                0x08018c24        0xc c:/stm32/gcc-arm-none-eabi/bin/../lib/gcc/arm-none-eabi/7.3.1/../../../../arm-none-eabi/lib/thumb/v7e-m/fpv4-sp/hard\libstdc++_nano.a(class_type_info.o)
                0x08018c24                __cxxabiv1::__class_type_info::__do_find_public_src(int, void const*, __cxxabiv1::__class_type_info const*, void const*) const
 .text._ZN10__cxxabiv117__class_type_infoD2Ev
                0x08018c30       0x14 c:/stm32/gcc-arm-none-eabi/bin/../lib/gcc/arm-none-eabi/7.3.1/../../../../arm-none-eabi/lib/thumb/v7e-m/fpv4-sp/hard\libstdc++_nano.a(class_type_info.o)
                0x08018c30                __cxxabiv1::__class_type_info::~__class_type_info()
                0x08018c30                __cxxabiv1::__class_type_info::~__class_type_info()
 .text._ZN10__cxxabiv117__class_type_infoD0Ev
                0x08018c44       0x14 c:/stm32/gcc-arm-none-eabi/bin/../lib/gcc/arm-none-eabi/7.3.1/../../../../arm-none-eabi/lib/thumb/v7e-m/fpv4-sp/hard\libstdc++_nano.a(class_type_info.o)
                0x08018c44                __cxxabiv1::__class_type_info::~__class_type_info()
 .text._ZNK10__cxxabiv117__class_type_info12__do_dyncastEiNS0_10__sub_kindEPKS0_PKvS3_S5_RNS0_16__dyncast_resultE
                0x08018c58       0x3a c:/stm32/gcc-arm-none-eabi/bin/../lib/gcc/arm-none-eabi/7.3.1/../../../../arm-none-eabi/lib/thumb/v7e-m/fpv4-sp/hard\libstdc++_nano.a(class_type_info.o)
                0x08018c58                __cxxabiv1::__class_type_info::__do_dyncast(int, __cxxabiv1::__class_type_info::__sub_kind, __cxxabiv1::__class_type_info const*, void const*, __cxxabiv1::__class_type_info const*, void const*, __cxxabiv1::__class_type_info::__dyncast_result&) const
 .text._ZNK10__cxxabiv117__class_type_info11__do_upcastEPKS0_PKvRNS0_15__upcast_resultE
                0x08018c92       0x18 c:/stm32/gcc-arm-none-eabi/bin/../lib/gcc/arm-none-eabi/7.3.1/../../../../arm-none-eabi/lib/thumb/v7e-m/fpv4-sp/hard\libstdc++_nano.a(class_type_info.o)
                0x08018c92                __cxxabiv1::__class_type_info::__do_upcast(__cxxabiv1::__class_type_info const*, void const*, __cxxabiv1::__class_type_info::__upcast_result&) const
 .text._ZNK10__cxxabiv117__class_type_info10__do_catchEPKSt9type_infoPPvj
                0x08018caa       0x2a c:/stm32/gcc-arm-none-eabi/bin/../lib/gcc/arm-none-eabi/7.3.1/../../../../arm-none-eabi/lib/thumb/v7e-m/fpv4-sp/hard\libstdc++_nano.a(class_type_info.o)
                0x08018caa                __cxxabiv1::__class_type_info::__do_catch(std::type_info const*, void**, unsigned int) const
 .text.abort    0x08018cd4        0xe c:/stm32/gcc-arm-none-eabi/bin/../lib/gcc/arm-none-eabi/7.3.1/../../../../arm-none-eabi/lib/thumb/v7e-m/fpv4-sp/hard\libc_nano.a(lib_a-abort.o)
                0x08018cd4                abort
 *fill*         0x08018ce2        0x2 
 .text.__cxa_atexit
                0x08018ce4       0x1c c:/stm32/gcc-arm-none-eabi/bin/../lib/gcc/arm-none-eabi/7.3.1/../../../../arm-none-eabi/lib/thumb/v7e-m/fpv4-sp/hard\libc_nano.a(lib_a-cxa_atexit.o)
                0x08018ce4                __cxa_atexit
 .text.__libc_init_array
                0x08018d00       0x48 c:/stm32/gcc-arm-none-eabi/bin/../lib/gcc/arm-none-eabi/7.3.1/../../../../arm-none-eabi/lib/thumb/v7e-m/fpv4-sp/hard\libc_nano.a(lib_a-init.o)
                0x08018d00                __libc_init_array
 .text.malloc   0x08018d48       0x10 c:/stm32/gcc-arm-none-eabi/bin/../lib/gcc/arm-none-eabi/7.3.1/../../../../arm-none-eabi/lib/thumb/v7e-m/fpv4-sp/hard\libc_nano.a(lib_a-malloc.o)
                0x08018d48                malloc
 .text.free     0x08018d58       0x10 c:/stm32/gcc-arm-none-eabi/bin/../lib/gcc/arm-none-eabi/7.3.1/../../../../arm-none-eabi/lib/thumb/v7e-m/fpv4-sp/hard\libc_nano.a(lib_a-malloc.o)
                0x08018d58                free
 .text.memcpy   0x08018d68       0x16 c:/stm32/gcc-arm-none-eabi/bin/../lib/gcc/arm-none-eabi/7.3.1/../../../../arm-none-eabi/lib/thumb/v7e-m/fpv4-sp/hard\libc_nano.a(lib_a-memcpy-stub.o)
                0x08018d68                memcpy
 .text.memmove  0x08018d7e       0x32 c:/stm32/gcc-arm-none-eabi/bin/../lib/gcc/arm-none-eabi/7.3.1/../../../../arm-none-eabi/lib/thumb/v7e-m/fpv4-sp/hard\libc_nano.a(lib_a-memmove.o)
                0x08018d7e                memmove
 .text.memset   0x08018db0       0x10 c:/stm32/gcc-arm-none-eabi/bin/../lib/gcc/arm-none-eabi/7.3.1/../../../../arm-none-eabi/lib/thumb/v7e-m/fpv4-sp/hard\libc_nano.a(lib_a-memset.o)
                0x08018db0                memset
 .text._free_r  0x08018dc0       0x9c c:/stm32/gcc-arm-none-eabi/bin/../lib/gcc/arm-none-eabi/7.3.1/../../../../arm-none-eabi/lib/thumb/v7e-m/fpv4-sp/hard\libc_nano.a(lib_a-nano-freer.o)
                0x08018dc0                _free_r
 .text._malloc_r
                0x08018e5c       0xb4 c:/stm32/gcc-arm-none-eabi/bin/../lib/gcc/arm-none-eabi/7.3.1/../../../../arm-none-eabi/lib/thumb/v7e-m/fpv4-sp/hard\libc_nano.a(lib_a-nano-mallocr.o)
                0x08018e5c                _malloc_r
 .text._sbrk_r  0x08018f10       0x20 c:/stm32/gcc-arm-none-eabi/bin/../lib/gcc/arm-none-eabi/7.3.1/../../../../arm-none-eabi/lib/thumb/v7e-m/fpv4-sp/hard\libc_nano.a(lib_a-sbrkr.o)
                0x08018f10                _sbrk_r
 .text._raise_r
                0x08018f30       0x50 c:/stm32/gcc-arm-none-eabi/bin/../lib/gcc/arm-none-eabi/7.3.1/../../../../arm-none-eabi/lib/thumb/v7e-m/fpv4-sp/hard\libc_nano.a(lib_a-signal.o)
                0x08018f30                _raise_r
 .text.raise    0x08018f80       0x10 c:/stm32/gcc-arm-none-eabi/bin/../lib/gcc/arm-none-eabi/7.3.1/../../../../arm-none-eabi/lib/thumb/v7e-m/fpv4-sp/hard\libc_nano.a(lib_a-signal.o)
                0x08018f80                raise